
**************************************************************
 Geant4 version Name: geant4-11-03 [MT]   (6-December-2024)
                       Copyright : Geant4 Collaboration
                      References : NIM A 506 (2003), 250-303
                                 : IEEE-TNS 53 (2006), 270-278
                                 : NIM A 835 (2016), 186-225
                             WWW : http://geant4.org/
**************************************************************

Accumulable registered as "accumulable_0"
Accumulable registered as "accumulable_1"
Output filename set to: /sdf/group/neutrino/youngsam/sim/lucid-data/LUCID/audit_wc_20261006/end_to_end/bomb_source/bomb.root
Checking overlaps for volume Detector:0 (G4Box) ... OK! 
### Birks coefficients used in run time
Individual photon storage: enabled
ROOT file /sdf/group/neutrino/youngsam/sim/lucid-data/LUCID/audit_wc_20261006/end_to_end/bomb_source/bomb.root created for optical photon data
1D wavelength histogram created: 800 bins from 0-800 nm

### Starting run with 10 events ###
Progress: [>                                       ] 0.0% (0/10) Elapsed: 0s     Progress: [====>                                   ] 10.0% (1/10) Elapsed: 5s ETA: 45s     Progress: [========>                               ] 20.0% (2/10) Elapsed: 6s ETA: 24s     Progress: [============>                           ] 30.0% (3/10) Elapsed: 10s ETA: 23s     Progress: [================>                       ] 40.0% (4/10) Elapsed: 13s ETA: 19s     Progress: [====================>                   ] 50.0% (5/10) Elapsed: 17s ETA: 17s     Progress: [========================>               ] 60.0% (6/10) Elapsed: 18s ETA: 12s     Progress: [============================>           ] 70.0% (7/10) Elapsed: 22s ETA: 9s     Progress: [================================>       ] 80.0% (8/10) Elapsed: 25s ETA: 6s     Progress: [====================================>   ] 90.0% (9/10) Elapsed: 26s ETA: 2s     

--------------------End of Global Run-----------------------
 The run consists of 10 e- of 613.231 MeV
------------------------------------------------------------

OpticalPhotonsRaw written with 59 chunk entries
Photon wavelength histogram written with 5413607.0 entries
Photon distance (s) histogram written with 5413607.0 entries
ROOT file closed with 10 events
