
**************************************************************
 Geant4 version Name: geant4-11-03 [MT]   (6-December-2024)
                       Copyright : Geant4 Collaboration
                      References : NIM A 506 (2003), 250-303
                                 : IEEE-TNS 53 (2006), 270-278
                                 : NIM A 835 (2016), 186-225
                             WWW : http://geant4.org/
**************************************************************

Checking overlaps for volume Detector:0 (G4Box) ... OK! 
### Birks coefficients used in run time
AUDIT_ENGINE MixMaxRng
AUDIT_O16_PRESENT_BEFORE 0
PrimaryGeneratorAction: opened GENIE rootracker /sdf/group/neutrino/youngsam/sim/lucid-data/LUCID/audit_wc_20261006/photonsim_deep/primaries/polarized.gtrac.root (256 events)
AUDIT_EVENT 0 n=2
AUDIT_EVENT 1 n=2
AUDIT_EVENT 2 n=2
AUDIT_EVENT 3 n=2
AUDIT_EVENT 4 n=2
AUDIT_EVENT 5 n=2
AUDIT_EVENT 6 n=2
AUDIT_EVENT 7 n=2
AUDIT_EVENT 8 n=2
AUDIT_EVENT 9 n=2
AUDIT_EVENT 10 n=2
AUDIT_EVENT 11 n=2
AUDIT_EVENT 12 n=2
AUDIT_EVENT 13 n=2
AUDIT_EVENT 14 n=2
AUDIT_EVENT 15 n=2
AUDIT_EVENT 16 n=2
AUDIT_EVENT 17 n=2
AUDIT_EVENT 18 n=2
AUDIT_EVENT 19 n=2
AUDIT_EVENT 20 n=2
AUDIT_EVENT 21 n=2
AUDIT_EVENT 22 n=2
AUDIT_EVENT 23 n=2
AUDIT_EVENT 24 n=2
AUDIT_EVENT 25 n=2
AUDIT_EVENT 26 n=2
AUDIT_EVENT 27 n=2
AUDIT_EVENT 28 n=2
AUDIT_EVENT 29 n=2
AUDIT_EVENT 30 n=2
AUDIT_EVENT 31 n=2
AUDIT_EVENT 32 n=2
AUDIT_EVENT 33 n=2
AUDIT_EVENT 34 n=2
AUDIT_EVENT 35 n=2
AUDIT_EVENT 36 n=2
AUDIT_EVENT 37 n=2
AUDIT_EVENT 38 n=2
AUDIT_EVENT 39 n=2
AUDIT_EVENT 40 n=2
AUDIT_EVENT 41 n=2
AUDIT_EVENT 42 n=2
AUDIT_EVENT 43 n=2
AUDIT_EVENT 44 n=2
AUDIT_EVENT 45 n=2
AUDIT_EVENT 46 n=2
AUDIT_EVENT 47 n=2
AUDIT_EVENT 48 n=2
AUDIT_EVENT 49 n=2
AUDIT_EVENT 50 n=2
AUDIT_EVENT 51 n=2
AUDIT_EVENT 52 n=2
AUDIT_EVENT 53 n=2
AUDIT_EVENT 54 n=2
AUDIT_EVENT 55 n=2
AUDIT_EVENT 56 n=2
AUDIT_EVENT 57 n=2
AUDIT_EVENT 58 n=2
AUDIT_EVENT 59 n=2
AUDIT_EVENT 60 n=2
AUDIT_EVENT 61 n=2
AUDIT_EVENT 62 n=2
AUDIT_EVENT 63 n=2
AUDIT_EVENT 64 n=2
AUDIT_EVENT 65 n=2
AUDIT_EVENT 66 n=2
AUDIT_EVENT 67 n=2
AUDIT_EVENT 68 n=2
AUDIT_EVENT 69 n=2
AUDIT_EVENT 70 n=2
AUDIT_EVENT 71 n=2
AUDIT_EVENT 72 n=2
AUDIT_EVENT 73 n=2
AUDIT_EVENT 74 n=2
AUDIT_EVENT 75 n=2
AUDIT_EVENT 76 n=2
AUDIT_EVENT 77 n=2
AUDIT_EVENT 78 n=2
AUDIT_EVENT 79 n=2
AUDIT_EVENT 80 n=2
AUDIT_EVENT 81 n=2
AUDIT_EVENT 82 n=2
AUDIT_EVENT 83 n=2
AUDIT_EVENT 84 n=2
AUDIT_EVENT 85 n=2
AUDIT_EVENT 86 n=2
AUDIT_EVENT 87 n=2
AUDIT_EVENT 88 n=2
AUDIT_EVENT 89 n=2
AUDIT_EVENT 90 n=2
AUDIT_EVENT 91 n=2
AUDIT_EVENT 92 n=2
AUDIT_EVENT 93 n=2
AUDIT_EVENT 94 n=2
AUDIT_EVENT 95 n=2
AUDIT_EVENT 96 n=2
AUDIT_EVENT 97 n=2
AUDIT_EVENT 98 n=2
AUDIT_EVENT 99 n=2
AUDIT_EVENT 100 n=2
AUDIT_EVENT 101 n=2
AUDIT_EVENT 102 n=2
AUDIT_EVENT 103 n=2
AUDIT_EVENT 104 n=2
AUDIT_EVENT 105 n=2
AUDIT_EVENT 106 n=2
AUDIT_EVENT 107 n=2
AUDIT_EVENT 108 n=2
AUDIT_EVENT 109 n=2
AUDIT_EVENT 110 n=2
AUDIT_EVENT 111 n=2
AUDIT_EVENT 112 n=2
AUDIT_EVENT 113 n=2
AUDIT_EVENT 114 n=2
AUDIT_EVENT 115 n=2
AUDIT_EVENT 116 n=2
AUDIT_EVENT 117 n=2
AUDIT_EVENT 118 n=2
AUDIT_EVENT 119 n=2
AUDIT_EVENT 120 n=2
AUDIT_EVENT 121 n=2
AUDIT_EVENT 122 n=2
AUDIT_EVENT 123 n=2
AUDIT_EVENT 124 n=2
AUDIT_EVENT 125 n=2
AUDIT_EVENT 126 n=2
AUDIT_EVENT 127 n=2
AUDIT_EVENT 128 n=2
AUDIT_EVENT 129 n=2
AUDIT_EVENT 130 n=2
AUDIT_EVENT 131 n=2
AUDIT_EVENT 132 n=2
AUDIT_EVENT 133 n=2
AUDIT_EVENT 134 n=2
AUDIT_EVENT 135 n=2
AUDIT_EVENT 136 n=2
AUDIT_EVENT 137 n=2
AUDIT_EVENT 138 n=2
AUDIT_EVENT 139 n=2
AUDIT_EVENT 140 n=2
AUDIT_EVENT 141 n=2
AUDIT_EVENT 142 n=2
AUDIT_EVENT 143 n=2
AUDIT_EVENT 144 n=2
AUDIT_EVENT 145 n=2
AUDIT_EVENT 146 n=2
AUDIT_EVENT 147 n=2
AUDIT_EVENT 148 n=2
AUDIT_EVENT 149 n=2
AUDIT_EVENT 150 n=2
AUDIT_EVENT 151 n=2
AUDIT_EVENT 152 n=2
AUDIT_EVENT 153 n=2
AUDIT_EVENT 154 n=2
AUDIT_EVENT 155 n=2
AUDIT_EVENT 156 n=2
AUDIT_EVENT 157 n=2
AUDIT_EVENT 158 n=2
AUDIT_EVENT 159 n=2
AUDIT_EVENT 160 n=2
AUDIT_EVENT 161 n=2
AUDIT_EVENT 162 n=2
AUDIT_EVENT 163 n=2
AUDIT_EVENT 164 n=2
AUDIT_EVENT 165 n=2
AUDIT_EVENT 166 n=2
AUDIT_EVENT 167 n=2
AUDIT_EVENT 168 n=2
AUDIT_EVENT 169 n=2
AUDIT_EVENT 170 n=2
AUDIT_EVENT 171 n=2
AUDIT_EVENT 172 n=2
AUDIT_EVENT 173 n=2
AUDIT_EVENT 174 n=2
AUDIT_EVENT 175 n=2
AUDIT_EVENT 176 n=2
AUDIT_EVENT 177 n=2
AUDIT_EVENT 178 n=2
AUDIT_EVENT 179 n=2
AUDIT_EVENT 180 n=2
AUDIT_EVENT 181 n=2
AUDIT_EVENT 182 n=2
AUDIT_EVENT 183 n=2
AUDIT_EVENT 184 n=2
AUDIT_EVENT 185 n=2
AUDIT_EVENT 186 n=2
AUDIT_EVENT 187 n=2
AUDIT_EVENT 188 n=2
AUDIT_EVENT 189 n=2
AUDIT_EVENT 190 n=2
AUDIT_EVENT 191 n=2
AUDIT_EVENT 192 n=2
AUDIT_EVENT 193 n=2
AUDIT_EVENT 194 n=2
AUDIT_EVENT 195 n=2
AUDIT_EVENT 196 n=2
AUDIT_EVENT 197 n=2
AUDIT_EVENT 198 n=2
AUDIT_EVENT 199 n=2
AUDIT_EVENT 200 n=2
AUDIT_EVENT 201 n=2
AUDIT_EVENT 202 n=2
AUDIT_EVENT 203 n=2
AUDIT_EVENT 204 n=2
AUDIT_EVENT 205 n=2
AUDIT_EVENT 206 n=2
AUDIT_EVENT 207 n=2
AUDIT_EVENT 208 n=2
AUDIT_EVENT 209 n=2
AUDIT_