
**************************************************************
 Geant4 version Name: geant4-11-03 [MT]   (6-December-2024)
                       Copyright : Geant4 Collaboration
                      References : NIM A 506 (2003), 250-303
                                 : IEEE-TNS 53 (2006), 270-278
                                 : NIM A 835 (2016), 186-225
                             WWW : http://geant4.org/
**************************************************************

Accumulable registered as "accumulable_0"
Accumulable registered as "accumulable_1"
Output filename set to: /sdf/group/neutrino/youngsam/sim/lucid-data/LUCID/audit_wc_20261006/photonsim_deep/emission/dark_stream.root
Checking overlaps for volume Detector:0 (G4Box) ... OK! 
### Birks coefficients used in run time
Individual photon storage: enabled
Per-photon process name storage: enabled
Chunked photon streaming: enabled
ROOT file /sdf/group/neutrino/youngsam/sim/lucid-data/LUCID/audit_wc_20261006/photonsim_deep/emission/dark_stream.root created for optical photon data
1D wavelength histogram created: 800 bins from 0-800 nm

### Starting run with 2 events ###
Progress: [>                                       ] 0.0% (0/2) Elapsed: 0s     Progress: [====================>                   ] 50.0% (1/2) Elapsed: 0s ETA: 0s     

--------------------End of Global Run-----------------------
 The run consists of 2 e- of 10 keV
------------------------------------------------------------

OpticalPhotonsRaw written with 0 chunk entries
Photon wavelength histogram written with 0.0 entries
Photon distance (s) histogram written with 0.0 entries
ROOT file closed with 2 events
