Partition=milano Job=39970274 Host=sdfmilan271
warning: `--no-sync` has no effect when used alongside `--no-project`
Generated ten-event macro from unchanged /sdf/group/neutrino/youngsam/sim/lucid-data/LUCID/lucid/production/configs/GeV/01_pbomb.json
warning: `--no-sync` has no effect when used alongside `--no-project`
/sdf/group/neutrino/youngsam/sim/LUCiD/audit/wc_data_20261004/env_system/lib/python3.12/site-packages/jaxlib/plugin_support.py:92: RuntimeWarning: JAX plugin jax_cuda12_plugin version 0.9.2 is installed, but it is not compatible with the installed jaxlib version 0.11.0, so it will not be used.
  warnings.warn(
=== Step 3: Running LUCiD writer ===
    ROOT file:  /sdf/group/neutrino/youngsam/sim/lucid-data/LUCID/audit_wc_20261006/end_to_end/bomb_source/bomb.root
    Output dir: /sdf/group/neutrino/youngsam/sim/lucid-data/LUCID/audit_wc_20261006/end_to_end/bomb
    Dataset:    particle bomb (single vertex)
    file_index: 0
    n_events:   10
    geometry:   cylinder / water, 11096 sensors
Using provided master seed: 918273
Run id: afb14402-3230-4d30-8d9a-9dea406d5cac
Loading ROOT file: /sdf/group/neutrino/youngsam/sim/lucid-data/LUCID/audit_wc_20261006/end_to_end/bomb_source/bomb.root
  Found 10 entries
  Using rays buckets: [256, 2048, 8192, 32768]

Generating 10 events using VMAP-OPTIMIZED particle-based processing...
Using batch size of 10 events for multithreaded I/O
Apply smearing: True
Apply translation: True
Digitizer model: ski (dark_rate_khz=4.2)
Trigger: W=200.0ns N_thr=25 pad=300.0/300.0ns (non-triggering events dropped)
Apply rotation: False
Saving events to directory: /sdf/group/neutrino/youngsam/sim/lucid-data/LUCID/audit_wc_20261006/end_to_end/bomb
Detector bounds: {'type': 'cylinder', 'radius': 16.96228024518598, 'height': 36.37842222222, 'sensor_radius': 0.25}
Warming up JIT cache for 4 rays bucket(s)...
  rays=   256: 2.81s
  rays= 2,048: 3.00s
  rays= 8,192: 2.89s
  rays=32,768: 3.13s
Processing batch 1/1 (events 0 to 9)

  Event 1/10 (index 0):
    Reading raw event from ROOT file...
    [timing] root_read 0.461s
    Raw: photons=62,451  segments=9,931
    [timing] preprocess 0.001s
    Running per-process pipeline (1 process(es), rays_buckets=[256, 2048, 8192, 32768])...
    Simulation completed in 0.67s
    [timing] simulate 0.673s
MAX_FINITE_PHOTON_PE_DEVIATION 1.0132789611816406e-06 UNIQUE_NONUNIT [0.99999899]
    [timing] post_jax 0.010s
    [timing] meta_contain 0.000s
    Event total time: 1.54s

  Event 2/10 (index 1):
    Reading raw event from ROOT file...
    [timing] root_read 0.634s
    Raw: photons=1,072,761  segments=145,292
    [timing] preprocess 0.010s
    Running per-process pipeline (1 process(es), rays_buckets=[256, 2048, 8192, 32768])...
    Simulation completed in 10.95s
    [timing] simulate 10.948s
MAX_FINITE_PHOTON_PE_DEVIATION 1.0132789611816406e-06 UNIQUE_NONUNIT [0.99999899]
    [timing] post_jax 0.161s
    [timing] meta_contain 0.004s
    Event total time: 11.78s

  Event 3/10 (index 2):
    Reading raw event from ROOT file...
    [timing] root_read 0.342s
    Raw: photons=228,572  segments=37,130
    [timing] preprocess 0.002s
    Running per-process pipeline (1 process(es), rays_buckets=[256, 2048, 8192, 32768])...
    Simulation completed in 2.40s
    [timing] simulate 2.401s
MAX_FINITE_PHOTON_PE_DEVIATION 1.0132789611816406e-06 UNIQUE_NONUNIT [0.99999899]
    [timing] post_jax 0.044s
    [timing] meta_contain 0.001s
    Event total time: 2.81s

  Event 4/10 (index 3):
    Reading raw event from ROOT file...
    [timing] root_read 0.596s
    Raw: photons=715,023  segments=120,932
    [timing] preprocess 0.007s
    Running per-process pipeline (1 process(es), rays_buckets=[256, 2048, 8192, 32768])...
    Simulation completed in 7.22s
    [timing] simulate 7.233s
MAX_FINITE_PHOTON_PE_DEVIATION 1.0132789611816406e-06 UNIQUE_NONUNIT [0.99999899]
    [timing] post_jax 0.109s
    [timing] meta_contain 0.003s
    Event total time: 7.96s

  Event 5/10 (index 4):
    Reading raw event from ROOT file...
    [timing] root_read 0.579s
    Raw: photons=752,685  segments=120,470
    [timing] preprocess 0.007s
    Running per-process pipeline (1 process(es), rays_buckets=[256, 2048, 8192, 32768])...
    Simulation completed in 7.67s
    [timing] simulate 7.671s
MAX_FINITE_PHOTON_PE_DEVIATION 1.0132789611816406e-06 UNIQUE_NONUNIT [0.99999899]
    [timing] post_jax 0.117s
    [timing] meta_contain 0.003s
    Event total time: 8.39s

  Event 6/10 (index 5):
    Reading raw event from ROOT file...
    [timing] root_read 0.496s
    Raw: photons=778,797  segments=97,919
    [timing] preprocess 0.007s
    Running per-process pipeline (1 process(es), rays_buckets=[256, 2048, 8192, 32768])...
    Simulation completed in 7.98s
    [timing] simulate 7.980s
MAX_FINITE_PHOTON_PE_DEVIATION 1.0132789611816406e-06 UNIQUE_NONUNIT [0.99999899]
    [timing] post_jax 0.112s
    [timing] meta_contain 0.002s
    Event total time: 8.61s

  Event 7/10 (index 6):
    Reading raw event from ROOT file...
    [timing] root_read 0.375s
    Raw: photons=336,021  segments=46,120
    [timing] preprocess 0.003s
    Running per-process pipeline (1 process(es), rays_buckets=[256, 2048, 8192, 32768])...
    Simulation completed in 3.59s
    [timing] simulate 3.595s
MAX_FINITE_PHOTON_PE_DEVIATION 1.0132789611816406e-06 UNIQUE_NONUNIT [0.99999899]
    [timing] post_jax 0.058s
    [timing] meta_contain 0.001s
    Event total time: 4.04s

  Event 8/10 (index 7):
    Reading raw event from ROOT file...
    [timing] root_read 0.601s
    Raw: photons=780,843  segments=122,588
    [timing] preprocess 0.007s
    Running per-process pipeline (1 process(es), rays_buckets=[256, 2048, 8192, 32768])...
    Simulation completed in 8.15s
    [timing] simulate 8.150s
MAX_FINITE_PHOTON_PE_DEVIATION 1.0132789611816406e-06 UNIQUE_NONUNIT [0.99999899]
    [timing] post_jax 0.119s
    [timing] meta_contain 0.004s
    Event total time: 8.89s

  Event 9/10 (index 8):
    Reading raw event from ROOT file...
    [timing] root_read 0.400s
    Raw: photons=550,241  segments=99,602
    [timing] preprocess 0.005s
    Running per-process pipeline (1 process(es), rays_buckets=[256, 2048, 8192, 32768])...
    Simulation completed in 5.64s
    [timing] simulate 5.642s
MAX_FINITE_PHOTON_PE_DEVIATION 1.0132789611816406e-06 UNIQUE_NONUNIT [0.99999899]
    [timing] post_jax 0.084s
    [timing] meta_contain 0.003s
    Event total time: 6.14s

  Event 10/10 (index 9):
    Reading raw event from ROOT file...
    [timing] root_read 0.311s
    Raw: photons=136,213  segments=19,801
    [timing] preprocess 0.001s
    Running per-process pipeline (1 process(es), rays_buckets=[256, 2048, 8192, 32768])...
    Simulation completed in 1.43s
    [timing] simulate 1.432s
MAX_FINITE_PHOTON_PE_DEVIATION 1.0132789611816406e-06 UNIQUE_NONUNIT [0.99999899]
    [timing] post_jax 0.029s
    [timing] meta_contain 0.001s
    Event total time: 1.78s
Saving batch 1 as four-file group...
Batch 1 save time: 1.037s


Successfully wrote 1 batches (4 files total) to /sdf/group/neutrino/youngsam/sim/lucid-data/LUCID/audit_wc_20261006/end_to_end/bomb/{sensor,hits,step,labl}/
Average event processing time: 6.195s
LUCiD wrote 4 files under /sdf/group/neutrino/youngsam/sim/lucid-data/LUCID/audit_wc_20261006/end_to_end/bomb/{sensor,hits,step,labl}/
AUDIT_CASE bomb {"events_requested": 10, "events_kept": 10, "elapsed_s": 94.17990822601132, "summary": {"mean_emitted_photons": 541360.7, "mean_detected_before_digitizer": 29479.27012924552, "mean_retained_physics_pe": 28732.37021484375, "mean_reconstructed_charge_pe": 29461.702490234376, "mean_reco_pe_per_primary_MeV": 10.48048801422119, "max_digit_truth_pe": 1189.9987691640854, "max_pmt_total_pe_before_digitizer": 1189.9987941980362}, "events": [{"source_event_idx": 0, "emitted_photons": 62451, "max_photon_distance_from_g4_segment_m": 0.00011383155854239337, "max_emission_radius_m": 1.7082725763320923, "primary_ke_MeV": 400.2229812753752, "primary_track_ids": [1], "primary_pdgs": [-13], "primary_kinetic_energies_MeV": [400.2229812753752], "total_primary_kinetic_energy_MeV": 400.2229812753752, "detected_before_digitizer": 3091.996866941452, "orphan_segment_pe": 0, "orphan_particle_pe": 0, "first_detected_ns": 43.10183334350586, "last_detected_ns": 629.0760498046875, "max_pmt_total_pe_before_digitizer": 12.999986827373505, "infinite_time_rows_dropped_by_digitizer": 32, "infinite_time_total_charge_dropped_by_digitizer": 3.2424908567918465e-05, "max_finite_photon_pe_deviation_from_one": 1.0132789611816406e-06, "max_per_particle_digit_charge_difference": 4.172325134277344e-07, "vertex_m": [2.681387424468994, -7.416531562805176, -0.6068677306175232], "digit_count": 1458, "retained_physics_pe": 2815.9970703125, "retained_dark_pe": 29.0, "total_reconstructed_charge_pe": 3107.72607421875, "max_digit_truth_pe": 12.99998664855957, "max_digit_charge_pe": 18.983366012573242, "max_particle_vs_segment_charge_difference": 4.172325134277344e-07, "min_segment_causal_slack_ns": 0.005959155240645941, "physics_first_time_ns": 43.10183334350586, "physics_last_time_ns": 629.0760498046875, "reco_pe_per_primary_MeV": 7.764986515045166, "contained": true}, {"source_event_idx": 1, "emitted_photons": 1072761, "max_photon_distance_from_g4_segment_m": 0.000679271106452767, "max_emission_radius_m": 9.522875785827637, "primary_ke_MeV": 4836.982362787768, "primary_track_ids": [1, 2, 3, 4], "primary_pdgs": [-11, 22, -13, 22], "primary_kinetic_energies_MeV": [605.5837875966362, 1198.2510461074264, 1901.119425725466, 1132.0281033582392], "total_primary_kinetic_energy_MeV": 4836.982362787768, "detected_before_digitizer": 55793.94346511364, "orphan_segment_pe": 0, "orphan_particle_pe": 0, "first_detected_ns": 47.98044204711914, "last_detected_ns": 774.77490234375, "max_pmt_total_pe_before_digitizer": 92.99990576505661, "infinite_time_rows_dropped_by_digitizer": 519, "infinite_time_total_charge_dropped_by_digitizer": 0.0005258914858359276, "max_finite_photon_pe_deviation_from_one": 1.0132789611816406e-06, "max_per_particle_digit_charge_difference": 1.8477439880371094e-06, "vertex_m": [0.1860150247812271, -5.4994635581970215, -6.900486469268799], "digit_count": 7935, "retained_physics_pe": 54913.9453125, "retained_dark_pe": 54.0, "total_reconstructed_charge_pe": 55792.35546875, "max_digit_truth_pe": 92.99990606307983, "max_digit_charge_pe": 97.0501480102539, "max_particle_vs_segment_charge_difference": 2.0265579223632812e-06, "min_segment_causal_slack_ns": 0.00029916183018485754, "physics_first_time_ns": 47.98044204711914, "physics_last_time_ns": 758.8370361328125, "reco_pe_per_primary_MeV": 11.534537315368652, "contained": true}, {"source_event_idx": 2, "emitted_photons": 228572, "max_photon_distance_from_g4_segment_m": 0.00014715724774102797, "max_emission_radius_m": 4.170754909515381, "primary_ke_MeV": 1553.4979526257064, "primary_track_ids": [1], "primary_pdgs": [-211], "primary_kinetic_energies_MeV": [1553.4979526257064], "total_primary_kinetic_energy_MeV": 1553.4979526257064, "detected_before_digitizer": 11706.988137543201, "orphan_segment_pe": 0, "orphan_particle_pe": 0, "first_detected_ns": 56.96730041503906, "last_detected_ns": 578.0856323242188, "max_pmt_total_pe_before_digitizer": 39.99995946884155, "infinite_time_rows_dropped_by_digitizer": 91, "infinite_time_total_charge_dropped_by_digitizer": 9.220833374001813e-05, "max_finite_photon_pe_deviation_from_one": 1.0132789611816406e-06, "max_per_particle_digit_charge_difference": 1.3709068298339844e-06, "vertex_m": [0.5828959941864014, -3.903231382369995, 0.23502707481384277], "digit_count": 4092, "retained_physics_pe": 10933.98828125, "retained_dark_pe": 55.0, "total_reconstructed_charge_pe": 11708.939453125, "max_digit_truth_pe": 39.99996083974838, "max_digit_charge_pe": 42.50236129760742, "max_particle_vs_segment_charge_difference": 1.3709068298339844e-06, "min_segment_causal_slack_ns": 0.00014506431678285026, "physics_first_time_ns": 56.96730041503906, "physics_last_time_ns": 578.0856323242188, "reco_pe_per_primary_MeV": 7.537145137786865, "contained": true}, {"source_event_idx": 3, "emitted_photons": 715023, "max_photon_distance_from_g4_segment_m": 0.0003127730365472787, "max_emission_radius_m": 4.228943347930908, "primary_ke_MeV": 3888.539330470306, "primary_track_ids": [1, 2, 3], "primary_pdgs": [22, 211, -11], "primary_kinetic_energies_MeV": [1209.6756534115386, 1463.3668712224403, 1215.496805836327], "total_primary_kinetic_energy_MeV": 3888.5393304703057, "detected_before_digitizer": 41146.958306610584, "orphan_segment_pe": 0, "orphan_particle_pe": 0, "first_detected_ns": 18.0555477142334, "last_detected_ns": 3389.624755859375, "max_pmt_total_pe_before_digitizer": 324.9996706843376, "infinite_time_rows_dropped_by_digitizer": 807, "infinite_time_total_charge_dropped_by_digitizer": 0.0008177156629471938, "max_finite_photon_pe_deviation_from_one": 1.0132789611816406e-06, "max_per_particle_digit_charge_difference": 1.1086463928222656e-05, "vertex_m": [-9.615463256835938, -8.345178604125977, -8.250814437866211], "digit_count": 8399, "retained_physics_pe": 40211.95703125, "retained_dark_pe": 83.0, "total_reconstructed_charge_pe": 41217.7109375, "max_digit_truth_pe": 324.9996812939644, "max_digit_charge_pe": 327.05859375, "max_particle_vs_segment_charge_difference": 1.0728836059570312e-05, "min_segment_causal_slack_ns": 0.0003090936355931717, "physics_first_time_ns": 18.0555477142334, "physics_last_time_ns": 3272.22216796875, "reco_pe_per_primary_MeV": 10.59979248046875, "contained": true}, {"source_event_idx": 4, "emitted_photons": 752685, "max_photon_distance_from_g4_segment_m": 0.0003901583456705563, "max_emission_radius_m": 4.476305961608887, "primary_ke_MeV": 3970.8085475196053, "primary_track_ids": [1, 2, 3, 4], "primary_pdgs": [11, 11, -211, 211], "primary_kinetic_energies_MeV": [1560.9374370970052, 520.4325795340794, 307.0204155294548, 1582.4181153590657], "total_primary_kinetic_energy_MeV": 3970.808547519605, "detected_before_digitizer": 42493.95694172382, "orphan_segment_pe": 0, "orphan_particle_pe": 0, "first_detected_ns": 15.855491638183594, "last_detected_ns": 2223.10009765625, "max_pmt_total_pe_before_digitizer": 342.9996524453163, "infinite_time_rows_dropped_by_digitizer": 565, "infinite_time_total_charge_dropped_by_digitizer": 0.0005725022919023104, "max_finite_photon_pe_deviation_from_one": 1.0132789611816406e-06, "max_per_particle_digit_charge_difference": 1.341104507446289e-05, "vertex_m": [-2.332766056060791, -12.823835372924805, -2.2478692531585693], "digit_count": 8747, "retained_physics_pe": 41574.95703125, "retained_dark_pe": 67.0, "total_reconstructed_charge_pe": 42556.578125, "max_digit_truth_pe": 312.99968671798706, "max_digit_charge_pe": 305.4720764160156, "max_particle_vs_segment_charge_difference": 1.3887882232666016e-05, "min_segment_causal_slack_ns": 0.0009171276897745884, "physics_first_time_ns": 15.855491638183594, "physics_last_time_ns": 2223.10009765625, "reco_pe_per_primary_MeV": 10.717358589172363, "contained": true}, {"source_event_idx": 5, "emitted_photons": 778797, "max_photon_distance_from_g4_segment_m": 0.00015569548608799553, "max_emission_radius_m": 8.685561180114746, "primary_ke_MeV": 3536.458053284261, "primary_track_ids": [1, 2, 3], "primary_pdgs": [-13, 11, -211], "primary_kinetic_energies_MeV": [1802.7617474107444, 697.6866253501476, 1036.0096805233686], "total_primary_kinetic_energy_MeV": 3536.4580532842606, "detected_before_digitizer": 38808.960675656796, "orphan_segment_pe": 0, "orphan_particle_pe": 0, "first_detected_ns": 13.689367294311523, "last_detected_ns": 592.6448974609375, "max_pmt_total_pe_before_digitizer": 1189.9987941980362, "infinite_time_rows_dropped_by_digitizer": 907, "infinite_time_total_charge_dropped_by_digitizer": 0.000919043502221939, "max_finite_photon_pe_deviation_from_one": 1.0132789611816406e-06, "max_per_particle_digit_charge_difference": 1.1444091796875e-05, "vertex_m": [10.836867332458496, -8.36745548248291, -4.220026969909668], "digit_count": 6022, "retained_physics_pe": 37985.9609375, "retained_dark_pe": 48.0, "total_reconstructed_charge_pe": 38664.21875, "max_digit_truth_pe": 1189.9987691640854, "max_digit_charge_pe": 1154.0390625, "max_particle_vs_segment_charge_difference": 1.1444091796875e-05, "min_segment_causal_slack_ns": 0.00030196127670478745, "physics_first_time_ns": 13.689367294311523, "physics_last_time_ns": 592.6448974609375, "reco_pe_per_primary_MeV": 10.933034896850586, "contained": false}, {"source_event_idx": 6, "emitted_photons": 336021, "max_photon_distance_from_g4_segment_m": 0.00010366613889247066, "max_emission_radius_m": 3.5480241775512695, "primary_ke_MeV": 1542.5751016798406, "primary_track_ids": [1, 2, 3], "primary_pdgs": [-13, 111, -13], "primary_kinetic_energies_MeV": [692.5359279165306, 204.68856682635766, 645.3506069369523], "total_primary_kinetic_energy_MeV": 1542.5751016798406, "detected_before_digitizer": 17503.982263565063, "orphan_segment_pe": 0, "orphan_particle_pe": 0, "first_detected_ns": 35.3675537109375, "last_detected_ns": 5965.4697265625, "max_pmt_total_pe_before_digitizer": 59.99993920326233, "infinite_time_rows_dropped_by_digitizer": 157, "infinite_time_total_charge_dropped_by_digitizer": 0.00015908470766134997, "max_finite_photon_pe_deviation_from_one": 1.0132789611816406e-06, "max_per_particle_digit_charge_difference": 1.3709068298339844e-06, "vertex_m": [-8.716983795166016, -0.5483884811401367, -4.3459391593933105], "digit_count": 5103, "retained_physics_pe": 16619.982421875, "retained_dark_pe": 94.0, "total_reconstructed_charge_pe": 17454.216796875, "max_digit_truth_pe": 59.99993896484375, "max_digit_charge_pe": 68.66537475585938, "max_particle_vs_segment_charge_difference": 1.3709068298339844e-06, "min_segment_causal_slack_ns": 0.0012918560029220316, "physics_first_time_ns": 35.3675537109375, "physics_last_time_ns": 5791.2724609375, "reco_pe_per_primary_MeV": 11.314987182617188, "contained": true}, {"source_event_idx": 7, "emitted_photons": 780843, "max_photon_distance_from_g4_segment_m": 0.00031546787597909427, "max_emission_radius_m": 5.307631492614746, "primary_ke_MeV": 3637.1367852193935, "primary_track_ids": [1, 2, 3], "primary_pdgs": [11, 22, 11], "primary_kinetic_energies_MeV": [1179.5006785452529, 761.8691461582447, 1695.766960515896], "total_primary_kinetic_energy_MeV": 3637.1367852193935, "detected_before_digitizer": 46113.953273653984, "orphan_segment_pe": 0, "orphan_particle_pe": 0, "first_detected_ns": 15.630823135375977, "last_detected_ns": 626.950927734375, "max_pmt_total_pe_before_digitizer": 137.99986016750336, "infinite_time_rows_dropped_by_digitizer": 798, "infinite_time_total_charge_dropped_by_digitizer": 0.0008085961574124667, "max_finite_photon_pe_deviation_from_one": 1.0132789611816406e-06, "max_per_particle_digit_charge_difference": 3.7550926208496094e-06, "vertex_m": [-12.804221153259277, 3.762268543243408, 8.323115348815918], "digit_count": 8296, "retained_physics_pe": 45342.953125, "retained_dark_pe": 47.0, "total_reconstructed_charge_pe": 46142.08203125, "max_digit_truth_pe": 137.9998578429222, "max_digit_charge_pe": 141.63339233398438, "max_particle_vs_segment_charge_difference": 5.662441253662109e-06, "min_segment_causal_slack_ns": 0.0012204215670834628, "physics_first_time_ns": 15.630823135375977, "physics_last_time_ns": 626.950927734375, "reco_pe_per_primary_MeV": 12.686375617980957, "contained": true}, {"source_event_idx": 8, "emitted_photons": 550241, "max_photon_distance_from_g4_segment_m": 0.0002586029929260929, "max_emission_radius_m": 5.345977306365967, "primary_ke_MeV": 3681.4906217305565, "primary_track_ids": [1, 2, 3, 4], "primary_pdgs": [-211, 211, 22, -211], "primary_kinetic_energies_MeV": [789.141133661555, 1920.805337084517, 172.7757118582379, 798.7684391262464], "total_primary_kinetic_energy_MeV": 3681.4906217305565, "detected_before_digitizer": 29721.969883322716, "orphan_segment_pe": 0, "orphan_particle_pe": 0, "first_detected_ns": 22.38016128540039, "last_detected_ns": 5757.3076171875, "max_pmt_total_pe_before_digitizer": 80.99991792440414, "infinite_time_rows_dropped_by_digitizer": 285, "infinite_time_total_charge_dropped_by_digitizer": 0.0002887843419330238, "max_finite_photon_pe_deviation_from_one": 1.0132789611816406e-06, "max_per_particle_digit_charge_difference": 1.7881393432617188e-06, "vertex_m": [10.115479469299316, -5.872598648071289, -9.160630226135254], "digit_count": 6503, "retained_physics_pe": 28893.96875, "retained_dark_pe": 49.0, "total_reconstructed_charge_pe": 29583.65625, "max_digit_truth_pe": 80.99991875886917, "max_digit_charge_pe": 79.71561431884766, "max_particle_vs_segment_charge_difference": 1.7881393432617188e-06, "min_segment_causal_slack_ns": 0.000754128358920525, "physics_first_time_ns": 22.38016128540039, "physics_last_time_ns": 787.4280395507812, "reco_pe_per_primary_MeV": 8.035781860351562, "contained": true}, {"source_event_idx": 9, "emitted_photons": 136213, "max_photon_distance_from_g4_segment_m": 0.00016364454297265982, "max_emission_radius_m": 3.5907628536224365, "primary_ke_MeV": 613.2310603541029, "primary_track_ids": [1], "primary_pdgs": [11], "primary_kinetic_energies_MeV": [613.2310603541029], "total_primary_kinetic_energy_MeV": 613.2310603541029, "detected_before_digitizer": 8409.991478323936, "orphan_segment_pe": 0, "orphan_particle_pe": 0, "first_detected_ns": 19.52642822265625, "last_detected_ns": 599.544677734375, "max_pmt_total_pe_before_digitizer": 77.99992096424103, "infinite_time_rows_dropped_by_digitizer": 246, "infinite_time_total_charge_dropped_by_digitizer": 0.0002492664846158732, "max_finite_photon_pe_deviation_from_one": 1.0132789611816406e-06, "max_per_particle_digit_charge_difference": 3.337860107421875e-06, "vertex_m": [-12.307044982910156, -0.8668511509895325, 5.113790988922119], "digit_count": 2135, "retained_physics_pe": 8029.9921875, "retained_dark_pe": 43.0, "total_reconstructed_charge_pe": 8389.541015625, "max_digit_truth_pe": 77.99992370605469, "max_digit_charge_pe": 78.58744812011719, "max_particle_vs_segment_charge_difference": 3.337860107421875e-06, "min_segment_causal_slack_ns": 0.0015940722379639283, "physics_first_time_ns": 19.52642822265625, "physics_last_time_ns": 599.544677734375, "reco_pe_per_primary_MeV": 13.680880546569824, "contained": true}]}
ALL_END_TO_END_CHECKS_PASSED
