wc_hits_0000.h5
config/sensor_positions (11096, 3) float32 [ 16.958565    -0.35504153 -16.096392    16.958565    -0.35504153
 -16.796236    16.958565    -0.35504153]
config/source_event_idx (1,) uint32 [0]
event_000/PE (291,) float32 [1. 1. 1. 1. 1. 1. 1. 1.]
event_000/T (291,) float64 [-120.94160691  -93.09472962   49.25706612 -135.49007755  354.06931814
 -185.57482264 -298.1245767  -209.81712905]
event_000/T_reco (291,) float64 [-120.94160691  -93.09472962   49.25706612 -135.49007755  354.06931814
 -185.57482264 -298.1245767  -209.81712905]
event_000/digit_idx (291,) int32 [ 4  8 13 20 34 37 48 50]
event_000/emission_process (291,) int8 [2 2 2 2 2 2 2 2]
event_000/particle_idx (291,) int32 [-1 -1 -1 -1 -1 -1 -1 -1]
event_000/sensor_idx (291,) uint16 [ 265  384  474  819 1474 1642 1861 1892]
wc_labl_0000.h5
config/source_event_idx (1,) uint32 [0]
event_000/per_event/contained () bool [ True]
event_000/per_event/t0 () float64 [-242.78981037]
event_000/per_interaction/contained (1,) bool [ True]
event_000/per_interaction/interaction_channel (1,) int32 [-1]
event_000/per_interaction/n_particles (1,) int32 [1]
event_000/per_interaction/n_primaries (1,) int32 [1]
event_000/per_interaction/neutrino_energy_MeV (1,) float32 [0.]
event_000/per_interaction/neutrino_pdg (1,) int16 [0]
event_000/per_interaction/primary_energies_data (1,) float32 [1000.]
event_000/per_interaction/primary_energies_offsets (2,) uint32 [0 1]
event_000/per_interaction/primary_pdgs_data (1,) int16 [11]
event_000/per_interaction/primary_pdgs_offsets (2,) uint32 [0 1]
event_000/per_interaction/primary_track_ids_data (1,) int32 [1]
event_000/per_interaction/primary_track_ids_offsets (2,) uint32 [0 1]
event_000/per_interaction/source_type (1,) uint8 [0]
event_000/per_interaction/t0 (1,) float64 [-242.78981037]
event_000/per_interaction/vertex_x (1,) float32 [0.]
event_000/per_interaction/vertex_y (1,) float32 [0.]
event_000/per_interaction/vertex_z (1,) float32 [0.]
event_000/per_particle/category (1,) uint8 [0]
event_000/per_particle/contained (1,) bool [ True]
event_000/per_particle/ext_genealogy_data (1,) int32 [1]
event_000/per_particle/ext_genealogy_offsets (2,) uint32 [0 1]
event_000/per_particle/genealogy_data (1,) int32 [1]
event_000/per_particle/genealogy_offsets (2,) uint32 [0 1]
event_000/per_particle/interaction_idx (1,) int32 [0]
event_000/per_track/ancestor (1,) int32 [1]
event_000/per_track/dir_x (1,) float32 [0.]
event_000/per_track/dir_y (1,) float32 [0.]
event_000/per_track/dir_z (1,) float32 [1.]
event_000/per_track/initial_energy (1,) float32 [1000.]
event_000/per_track/interaction (1,) int32 [0]
event_000/per_track/n_cherenkov (1,) int32 [8192]
event_000/per_track/parent_id (1,) int32 [0]
event_000/per_track/particle_idx (1,) int32 [0]
event_000/per_track/pdg (1,) int32 [11]
event_000/per_track/track_id (1,) int32 [1]
event_000/per_window/digit_offsets (2,) int32 [  0 291]
event_000/per_window/window_end (1,) float64 [550.83198529]
event_000/per_window/window_start (1,) float64 [-468.97449512]
wc_sensor_0000.h5
config/sensor_positions (11096, 3) float32 [ 16.958565    -0.35504153 -16.096392    16.958565    -0.35504153
 -16.796236    16.958565    -0.35504153]
config/source_event_idx (1,) uint32 [0]
event_000/PE (291,) float32 [20.999979  0.999999  0.999999 12.999987  1.        1.999998 10.999989
  0.999999]
event_000/T (291,) float64 [-136.68985004 -132.75415058  -83.09719867 -109.95182819 -120.94160691
   49.28395062 -115.31691761    1.21801739]
event_000/sensor_idx (291,) uint16 [  0  64  98 176 265 337 352 376]
wc_step_0000.h5
config/detector_axis (3,) float32 [0. 0. 1.]
config/source_event_idx (1,) uint32 [0]
event_000/beta_start (1,) float32 [0.99]
event_000/contained (1,) bool [ True]
event_000/dir_x (1,) float16 [0.]
event_000/dir_y (1,) float16 [0.]
event_000/dir_z (1,) float16 [1.]
event_000/edep (1,) float32 [1.]
event_000/end_x (1,) float32 [5.]
event_000/end_y (1,) float32 [-2.]
event_000/end_z (1,) float32 [3.001]
event_000/group_id (1,) int32 [0]
event_000/n_cherenkov (1,) int32 [8192]
event_000/sensor_hits/PE (238,) float32 [20.999979  0.999999  0.999999 12.999987  1.999998 10.999989  0.999999
  1.999998]
event_000/sensor_hits/T (238,) float64 [-136.68985004 -132.75415058  -83.09719867 -109.95182819   49.28395062
 -115.31691761    1.21801739   45.0356596 ]
event_000/sensor_hits/T_reco (238,) float64 [-136.68985004 -132.75415058  -83.09719867 -109.95182819   49.28395062
 -115.31691761    1.21801739   45.0356596 ]
event_000/sensor_hits/digit_idx (238,) int32 [0 1 2 3 5 6 7 9]
event_000/sensor_hits/emission_process (238,) int8 [0 0 0 0 0 0 0 0]
event_000/sensor_hits/segment_idx (238,) int32 [0 0 0 0 0 0 0 0]
event_000/sensor_hits/sensor_idx (238,) uint16 [  0  64  98 176 337 352 376 396]
event_000/start_x (1,) float32 [5.]
event_000/start_y (1,) float32 [-2.]
event_000/start_z (1,) float32 [3.]
event_000/time (1,) float64 [-242.78981037]
event_000/track_idx (1,) int32 [0]
