/sdf/group/neutrino/youngsam/sim/LUCiD/audit/wc_data_20261004/env_system/lib/python3.12/site-packages/jaxlib/plugin_support.py:92: RuntimeWarning: JAX plugin jax_cuda12_plugin version 0.9.2 is installed, but it is not compatible with the installed jaxlib version 0.11.0, so it will not be used.
  warnings.warn(
Injected fixture meter boundary validated: [5.0, -2.0, 3.0]
=== Step 3: Running LUCiD writer ===
    ROOT file:  audit/wc_data_review_20261004/end_to_end/injected_primary.root
    Output dir: audit/wc_data_review_20261004/end_to_end/writer_output
    Dataset:    wc_audit_injected_primary
    file_index: 0
    n_events:   1
    geometry:   cylinder / water, 11096 sensors
Using provided master seed: 984
Run id: 163e7a43-f2d9-4991-981f-ed150d3509f1
Loading ROOT file: audit/wc_data_review_20261004/end_to_end/injected_primary.root
  Found 1 entries
  Using rays buckets: [8192]

Generating 1 events using VMAP-OPTIMIZED particle-based processing...
Using batch size of 1 events for multithreaded I/O
Apply smearing: False
Apply translation: False
Digitizer model: ski (dark_rate_khz=4.2)
Trigger: W=200.0ns N_thr=25 pad=300.0/300.0ns (non-triggering events dropped)
Apply rotation: False
Saving events to directory: audit/wc_data_review_20261004/end_to_end/writer_output
Detector bounds: {'type': 'cylinder', 'radius': 16.96228024518598, 'height': 36.37842222222, 'sensor_radius': 0.25}
Warming up JIT cache for 1 rays bucket(s)...
  rays= 8,192: 3.59s
Processing batch 1/1 (events 0 to 0)

  Event 1/1 (index 0):
    Reading raw event from ROOT file...
    [timing] root_read 0.035s
    Raw: photons=8,192  segments=1
    [timing] preprocess 0.000s
    Running per-process pipeline (1 process(es), rays_buckets=[8192])...
    Simulation completed in 0.11s
    [timing] simulate 0.106s
    [timing] post_jax 0.002s
    [timing] meta_contain 0.000s
    Event total time: 0.56s
Saving batch 1 as four-file group...
Batch 1 save time: 0.047s


Successfully wrote 1 batches (4 files total) to audit/wc_data_review_20261004/end_to_end/writer_output/{sensor,hits,step,labl}/
Average event processing time: 0.559s
LUCiD wrote 4 files under audit/wc_data_review_20261004/end_to_end/writer_output/{sensor,hits,step,labl}/
Written audit/wc_data_review_20261004/end_to_end/writer_output/hits/wc_hits_0000.h5 attrs {} keys ['config', 'event_000']
Written audit/wc_data_review_20261004/end_to_end/writer_output/labl/wc_labl_0000.h5 attrs {} keys ['config', 'event_000']
Written audit/wc_data_review_20261004/end_to_end/writer_output/sensor/wc_sensor_0000.h5 attrs {} keys ['config', 'event_000']
Written audit/wc_data_review_20261004/end_to_end/writer_output/step/wc_step_0000.h5 attrs {} keys ['config', 'event_000']
