{
  "uncapping_default_ski_dark_and_trigger": {
    "before_capture_pe": 0.0,
    "after_capture_pe": 58.0,
    "before_prompt_pe": 59.0,
    "after_prompt_pe": 62.0,
    "before_trigger_windows": [
      [
        -202.39999999999998,
        601.2
      ]
    ],
    "after_trigger_windows": [
      [
        -203.2,
        602.4
      ],
      [
        199799.6,
        200602.40000000002
      ]
    ]
  },
  "sampled_charge_fix": [
    {
      "charge_range_pe": [
        0.25,
        0.5
      ],
      "corrected_sigma_ns": 4.8026820197435365,
      "primary_wcsim_sigma_ns": 4.802135954999579
    },
    {
      "charge_range_pe": [
        1.0,
        1.5
      ],
      "corrected_sigma_ns": 3.174411719076689,
      "primary_wcsim_sigma_ns": 3.1746084424311514
    },
    {
      "charge_range_pe": [
        2.0,
        3.0
      ],
      "corrected_sigma_ns": 2.4255329822825624,
      "primary_wcsim_sigma_ns": 2.420943960704508
    }
  ]
}
