warning: `--no-sync` has no effect when used alongside `--no-project`
Finished coarse e025
Finished coarse e030
Finished coarse e035
Finished coarse e050
Finished coarse e1
Finished coarse e10
Finished coarse e100
Finished coarse mu60
Finished coarse mu100
Finished coarse mu1000
Finished coarse p500
Finished coarse p1000
Finished dense e025
Finished dense e030
Finished dense e035
Finished dense e050
Finished dense e1
Finished dense e10
Finished dense e100
Finished dense mu60
Finished dense mu100
Finished dense mu1000
Finished dense p500
Finished dense p1000
warning: `--no-sync` has no effect when used alongside `--no-project`
{
  "job_id": "39971407",
  "partition": "milano",
  "node": "sdfmilan271",
  "QE_convention": "Production medium clips wavelength to [300,648.22]nm before SK_QE; incident detection weighting, no geometry/water transport.",
  "linear_beta_caveat": "Diagnostic only: linear beta between endpoints is not established physical trajectory; fine-step convergence is stronger.",
  "rows": [
    {
      "variant": "coarse",
      "scenario": "e025",
      "events": 1000,
      "steps": 17254,
      "photons_observed_per_event": 0.005,
      "exact_expected_photons_per_event": 0.005679631285131556,
      "exact_expected_photons_per_event_standard_error": 9.736020647881026e-05,
      "observed_photons_per_event_standard_error": 0.00223158687484489,
      "coarse_expected_photons_per_event_on_same_paths": 0.005162960707144549,
      "sparse_table_expected_fraction_lost": 0.09096903514486487,
      "exact_QEweighted_per_event": 3.4610137857738675e-05,
      "exact_QEweighted_per_event_standard_error": 6.824742276626279e-07,
      "sparse_table_QEweighted_fraction_lost": 0.08732987966129502,
      "linear_beta_path_vs_midpoint_fraction": 0.30531529312229977,
      "linear_beta_path_vs_midpoint_QEweighted_fraction": 1.436432357604641,
      "emission_weighted_mean_abs_beta_change": 0.007785529217281136,
      "actual_aggregate_count_minus_expected_in_sqrt_expected": -0.07171887865565112,
      "primary_track": {
        "exact_expected_photons_per_event": 0.005679631285131556,
        "observed_photons_per_event": 0.005,
        "exact_QEweighted_per_event": 3.461013785773867e-05,
        "sparse_table_expected_fraction_lost": 0.09096903514486487,
        "sparse_table_QEweighted_fraction_lost": 0.08732987966129502,
        "linear_beta_path_vs_midpoint_fraction": 0.30531529312229977
      },
      "photon_rows_sampled": 5,
      "max_cosine_residual_actual_vs_G4_mean_beta": 3.3306690738754696e-16,
      "max_time_residual_ns_actual_vs_G4_formula": 8.131516293641283e-20,
      "photons_below_local_linear_beta_threshold_fraction": 0.0,
      "rms_cosine_residual_vs_local_linear_beta": 0.00322350854745715
    },
    {
      "variant": "coarse",
      "scenario": "e030",
      "events": 1000,
      "steps": 19364,
      "photons_observed_per_event": 0.916,
      "exact_expected_photons_per_event": 0.9074198539066386,
      "exact_expected_photons_per_event_standard_error": 0.0075424591759618315,
      "observed_photons_per_event_standard_error": 0.03218664288148082,
      "coarse_expected_photons_per_event_on_same_paths": 0.9066549452277722,
      "sparse_table_expected_fraction_lost": 0.0008429490225205782,
      "exact_QEweighted_per_event": 0.09304436842188561,
      "exact_QEweighted_per_event_standard_error": 0.0008036931620463399,
      "sparse_table_QEweighted_fraction_lost": 0.0004135207252293771,
      "linear_beta_path_vs_midpoint_fraction": 0.05215538130842101,
      "linear_beta_path_vs_midpoint_QEweighted_fraction": 0.06362290364303402,
      "emission_weighted_mean_abs_beta_change": 0.015009374011060617,
      "actual_aggregate_count_minus_expected_in_sqrt_expected": 0.31035649162749945,
      "primary_track": {
        "exact_expected_photons_per_event": 0.9074198539066388,
        "observed_photons_per_event": 0.916,
        "exact_QEweighted_per_event": 0.09304436842188561,
        "sparse_table_expected_fraction_lost": 0.0008429490225205782,
        "sparse_table_QEweighted_fraction_lost": 0.0004135207252293771,
        "linear_beta_path_vs_midpoint_fraction": 0.05215538130842101
      },
      "photon_rows_sampled": 916,
      "max_cosine_residual_actual_vs_G4_mean_beta": 6.661338147750939e-16,
      "max_time_residual_ns_actual_vs_G4_formula": 4.336808689942018e-19,
      "photons_below_local_linear_beta_threshold_fraction": 0.014192139737991267,
      "rms_cosine_residual_vs_local_linear_beta": 0.006323438708117079
    },
    {
      "variant": "coarse",
      "scenario": "e035",
      "events": 1000,
      "steps": 22116,
      "photons_observed_per_event": 3.549,
      "exact_expected_photons_per_event": 3.554733037806359,
      "exact_expected_photons_per_event_standard_error": 0.025117384101777794,
      "observed_photons_per_event_standard_error": 0.06413823128768606,
      "coarse_expected_photons_per_event_on_same_paths": 3.5538536022574387,
      "sparse_table_expected_fraction_lost": 0.0002473984795953177,
      "exact_QEweighted_per_event": 0.3820304254050389,
      "exact_QEweighted_per_event_standard_error": 0.0027167139610942068,
      "sparse_table_QEweighted_fraction_lost": 0.0001162051978539358,
      "linear_beta_path_vs_midpoint_fraction": 0.008604771089346652,
      "linear_beta_path_vs_midpoint_QEweighted_fraction": 0.01022362829613388,
      "emission_weighted_mean_abs_beta_change": 0.016173113482993755,
      "actual_aggregate_count_minus_expected_in_sqrt_expected": -0.08141687279271898,
      "primary_track": {
        "exact_expected_photons_per_event": 3.554733037806359,
        "observed_photons_per_event": 3.549,
        "exact_QEweighted_per_event": 0.3820304254050389,
        "sparse_table_expected_fraction_lost": 0.0002473984795953177,
        "sparse_table_QEweighted_fraction_lost": 0.0001162051978539358,
        "linear_beta_path_vs_midpoint_fraction": 0.008604771089346652
      },
      "photon_rows_sampled": 3549,
      "max_cosine_residual_actual_vs_G4_mean_beta": 6.661338147750939e-16,
      "max_time_residual_ns_actual_vs_G4_formula": 6.505213034913027e-19,
      "photons_below_local_linear_beta_threshold_fraction": 0.0014088475626937165,
      "rms_cosine_residual_vs_local_linear_beta": 0.00644674154403544
    },
    {
      "variant": "coarse",
      "scenario": "e050",
      "events": 1000,
      "steps": 29608,
      "photons_observed_per_event": 18.691,
      "exact_expected_photons_per_event": 18.613790039187663,
      "exact_expected_photons_per_event_standard_error": 0.11837570542764368,
      "observed_photons_per_event_standard_error": 0.17972150349587782,
      "coarse_expected_photons_per_event_on_same_paths": 18.61264785352799,
      "sparse_table_expected_fraction_lost": 6.136233713105455e-05,
      "exact_QEweighted_per_event": 2.039459456951812,
      "exact_QEweighted_per_event_standard_error": 0.01300124376610151,
      "sparse_table_QEweighted_fraction_lost": 3.834220802845234e-05,
      "linear_beta_path_vs_midpoint_fraction": 0.0014241855926944158,
      "linear_beta_path_vs_midpoint_QEweighted_fraction": 0.0017065760247019224,
      "emission_weighted_mean_abs_beta_change": 0.012643063624652362,
      "actual_aggregate_count_minus_expected_in_sqrt_expected": 0.5743105816391894,
      "primary_track": {
        "exact_expected_photons_per_event": 18.613790039187663,
        "observed_photons_per_event": 18.691,
        "exact_QEweighted_per_event": 2.039459456951812,
        "sparse_table_expected_fraction_lost": 6.136233713105455e-05,
        "sparse_table_QEweighted_fraction_lost": 3.834220802845234e-05,
        "linear_beta_path_vs_midpoint_fraction": 0.0014241855926941938
      },
      "photon_rows_sampled": 18691,
      "max_cosine_residual_actual_vs_G4_mean_beta": 6.661338147750939e-16,
      "max_time_residual_ns_actual_vs_G4_formula": 1.3010426069826053e-18,
      "photons_below_local_linear_beta_threshold_fraction": 0.00026750842651543523,
      "rms_cosine_residual_vs_local_linear_beta": 0.005123677601110825
    },
    {
      "variant": "coarse",
      "scenario": "e100",
      "events": 10,
      "steps": 29475,
      "photons_observed_per_event": 22472.6,
      "exact_expected_photons_per_event": 22469.94760574929,
      "exact_expected_photons_per_event_standard_error": 170.943678763791,
      "observed_photons_per_event_standard_error": 195.3465979568964,
      "coarse_expected_photons_per_event_on_same_paths": 22469.766729886993,
      "sparse_table_expected_fraction_lost": 8.04967886314234e-06,
      "exact_QEweighted_per_event": 2487.6437126734104,
      "exact_QEweighted_per_event_standard_error": 18.95109559392368,
      "sparse_table_QEweighted_fraction_lost": 7.5915451893671104e-06,
      "linear_beta_path_vs_midpoint_fraction": 1.356271247776597e-05,
      "linear_beta_path_vs_midpoint_QEweighted_fraction": 1.841046633499488e-05,
      "emission_weighted_mean_abs_beta_change": 0.0009227333249441343,
      "actual_aggregate_count_minus_expected_in_sqrt_expected": 0.059770749060527935,
      "primary_track": {
        "exact_expected_photons_per_event": 12912.83834932586,
        "observed_photons_per_event": 12925.8,
        "exact_QEweighted_per_event": 1429.913913537369,
        "sparse_table_expected_fraction_lost": 6.9758399747765765e-06,
        "sparse_table_QEweighted_fraction_lost": 6.934092118937585e-06,
        "linear_beta_path_vs_midpoint_fraction": 1.1841835614312402e-06
      },
      "photon_rows_sampled": 200000,
      "max_cosine_residual_actual_vs_G4_mean_beta": 7.771561172376096e-16,
      "max_time_residual_ns_actual_vs_G4_formula": 1.6119172511520896e-15,
      "photons_below_local_linear_beta_threshold_fraction": 1.5e-05,
      "rms_cosine_residual_vs_local_linear_beta": 0.001341292027995008
    },
    {
      "variant": "coarse",
      "scenario": "e10",
      "events": 100,
      "steps": 29741,
      "photons_observed_per_event": 2202.54,
      "exact_expected_photons_per_event": 2211.954483232323,
      "exact_expected_photons_per_event_standard_error": 15.085845523115594,
      "observed_photons_per_event_standard_error": 15.476593079012364,
      "coarse_expected_photons_per_event_on_same_paths": 2211.9355898463373,
      "sparse_table_expected_fraction_lost": 8.541489496805e-06,
      "exact_QEweighted_per_event": 244.84831475221566,
      "exact_QEweighted_per_event_standard_error": 1.673249297521922,
      "sparse_table_QEweighted_fraction_lost": 7.976431861567157e-06,
      "linear_beta_path_vs_midpoint_fraction": 3.053370979166914e-05,
      "linear_beta_path_vs_midpoint_QEweighted_fraction": 3.6682158694789635e-05,
      "emission_weighted_mean_abs_beta_change": 0.0015952699782075374,
      "actual_aggregate_count_minus_expected_in_sqrt_expected": -1.9977346928383304,
      "primary_track": {
        "exact_expected_photons_per_event": 2096.839206836309,
        "observed_photons_per_event": 2089.36,
        "exact_QEweighted_per_event": 232.13926162607441,
        "sparse_table_expected_fraction_lost": 7.742461539672618e-06,
        "sparse_table_QEweighted_fraction_lost": 7.525924997753286e-06,
        "linear_beta_path_vs_midpoint_fraction": 1.2092716348055532e-05
      },
      "photon_rows_sampled": 200000,
      "max_cosine_residual_actual_vs_G4_mean_beta": 6.661338147750939e-16,
      "max_time_residual_ns_actual_vs_G4_formula": 3.703634621210483e-16,
      "photons_below_local_linear_beta_threshold_fraction": 5e-06,
      "rms_cosine_residual_vs_local_linear_beta": 0.001076333381436818
    },
    {
      "variant": "coarse",
      "scenario": "e1",
      "events": 300,
      "steps": 14673,
      "photons_observed_per_event": 104.67,
      "exact_expected_photons_per_event": 105.08203505005237,
      "exact_expected_photons_per_event_standard_error": 0.9926296245612304,
      "observed_photons_per_event_standard_error": 1.1151152136884022,
      "coarse_expected_photons_per_event_on_same_paths": 105.07991756248717,
      "sparse_table_expected_fraction_lost": 2.015080469452979e-05,
      "exact_QEweighted_per_event": 11.59655433333683,
      "exact_QEweighted_per_event_standard_error": 0.10971180861805432,
      "sparse_table_QEweighted_fraction_lost": 1.5963669974361494e-05,
      "linear_beta_path_vs_midpoint_fraction": 0.0002494927130807234,
      "linear_beta_path_vs_midpoint_QEweighted_fraction": 0.0003006407825911772,
      "emission_weighted_mean_abs_beta_change": 0.008485844791718523,
      "actual_aggregate_count_minus_expected_in_sqrt_expected": -0.6926236094666559,
      "primary_track": {
        "exact_expected_photons_per_event": 104.90475488394486,
        "observed_photons_per_event": 104.49333333333334,
        "exact_QEweighted_per_event": 11.577259664879799,
        "sparse_table_expected_fraction_lost": 1.995587862224646e-05,
        "sparse_table_QEweighted_fraction_lost": 1.5888408377517926e-05,
        "linear_beta_path_vs_midpoint_fraction": 0.0002464994310180657
      },
      "photon_rows_sampled": 31401,
      "max_cosine_residual_actual_vs_G4_mean_beta": 7.771561172376096e-16,
      "max_time_residual_ns_actual_vs_G4_formula": 2.6020852139652106e-18,
      "photons_below_local_linear_beta_threshold_fraction": 0.00015923059775166395,
      "rms_cosine_residual_vs_local_linear_beta": 0.003085664907031328
    },
    {
      "variant": "coarse",
      "scenario": "mu1000",
      "events": 5,
      "steps": 127542,
      "photons_observed_per_event": 211458.2,
      "exact_expected_photons_per_event": 211658.91355489715,
      "exact_expected_photons_per_event_standard_error": 2500.3627043332303,
      "observed_photons_per_event_standard_error": 2411.698683500905,
      "coarse_expected_photons_per_event_on_same_paths": 211656.93149556927,
      "sparse_table_expected_fraction_lost": 9.364402824285634e-06,
      "exact_QEweighted_per_event": 23422.968552060924,
      "exact_QEweighted_per_event_standard_error": 276.8519279644409,
      "sparse_table_QEweighted_fraction_lost": 8.591269211044583e-06,
      "linear_beta_path_vs_midpoint_fraction": 2.1051303016994538e-05,
      "linear_beta_path_vs_midpoint_QEweighted_fraction": 2.4899545422396585e-05,
      "emission_weighted_mean_abs_beta_change": 0.00047858705227604676,
      "actual_aggregate_count_minus_expected_in_sqrt_expected": -0.9659073153221696,
      "primary_track": {
        "exact_expected_photons_per_event": 184971.4779358043,
        "observed_photons_per_event": 184867.8,
        "exact_QEweighted_per_event": 20471.87257678758,
        "sparse_table_expected_fraction_lost": 8.70429123545069e-06,
        "sparse_table_QEweighted_fraction_lost": 8.246612172468915e-06,
        "linear_beta_path_vs_midpoint_fraction": 1.9037647902564458e-07
      },
      "photon_rows_sampled": 200000,
      "max_cosine_residual_actual_vs_G4_mean_beta": 6.661338147750939e-16,
      "max_time_residual_ns_actual_vs_G4_formula": 2.5710770318321252e-15,
      "photons_below_local_linear_beta_threshold_fraction": 0.0,
      "rms_cosine_residual_vs_local_linear_beta": 0.0006335377591993448
    },
    {
      "variant": "coarse",
      "scenario": "mu100",
      "events": 30,
      "steps": 103486,
      "photons_observed_per_event": 10149.166666666666,
      "exact_expected_photons_per_event": 10154.410061405202,
      "exact_expected_photons_per_event_standard_error": 598.7157712975801,
      "observed_photons_per_event_standard_error": 600.8999899257116,
      "coarse_expected_photons_per_event_on_same_paths": 10154.13064240642,
      "sparse_table_expected_fraction_lost": 2.7517009564381745e-05,
      "exact_QEweighted_per_event": 1120.2706819827702,
      "exact_QEweighted_per_event_standard_error": 66.28392254145182,
      "sparse_table_QEweighted_fraction_lost": 1.7908785817755124e-05,
      "linear_beta_path_vs_midpoint_fraction": 7.629983789514405e-05,
      "linear_beta_path_vs_midpoint_QEweighted_fraction": 8.572833451236939e-05,
      "emission_weighted_mean_abs_beta_change": 0.0012586621048664862,
      "actual_aggregate_count_minus_expected_in_sqrt_expected": -0.26981674845442977,
      "primary_track": {
        "exact_expected_photons_per_event": 3056.8392437820935,
        "observed_photons_per_event": 3066.2,
        "exact_QEweighted_per_event": 334.73802793742226,
        "sparse_table_expected_fraction_lost": 6.860590642288056e-05,
        "sparse_table_QEweighted_fraction_lost": 3.9852387149541535e-05,
        "linear_beta_path_vs_midpoint_fraction": 8.441113932944333e-06
      },
      "photon_rows_sampled": 200000,
      "max_cosine_residual_actual_vs_G4_mean_beta": 6.661338147750939e-16,
      "max_time_residual_ns_actual_vs_G4_formula": 4.547761906642522e-13,
      "photons_below_local_linear_beta_threshold_fraction": 5e-06,
      "rms_cosine_residual_vs_local_linear_beta": 0.0009750711036929371
    },
    {
      "variant": "coarse",
      "scenario": "mu60",
      "events": 30,
      "steps": 74981,
      "photons_observed_per_event": 7442.6,
      "exact_expected_photons_per_event": 7454.2120703131495,
      "exact_expected_photons_per_event_standard_error": 569.6567198749478,
      "observed_photons_per_event_standard_error": 566.0032403140259,
      "coarse_expected_photons_per_event_on_same_paths": 7454.016313761966,
      "sparse_table_expected_fraction_lost": 2.6261199619459497e-05,
      "exact_QEweighted_per_event": 824.0923476764702,
      "exact_QEweighted_per_event_standard_error": 63.065341699571846,
      "sparse_table_QEweighted_fraction_lost": 1.4502879515543299e-05,
      "linear_beta_path_vs_midpoint_fraction": 5.44937839275228e-05,
      "linear_beta_path_vs_midpoint_QEweighted_fraction": 6.335220578335132e-05,
      "emission_weighted_mean_abs_beta_change": 0.0012090818943677197,
      "actual_aggregate_count_minus_expected_in_sqrt_expected": -0.7242547533054394,
      "primary_track": {
        "exact_expected_photons_per_event": 109.18667067409227,
        "observed_photons_per_event": 108.7,
        "exact_QEweighted_per_event": 11.055400193002944,
        "sparse_table_expected_fraction_lost": 0.001189182936326194,
        "sparse_table_QEweighted_fraction_lost": 0.00048667594884233,
        "linear_beta_path_vs_midpoint_fraction": 0.00027241809068057066
      },
      "photon_rows_sampled": 200000,
      "max_cosine_residual_actual_vs_G4_mean_beta": 7.771561172376096e-16,
      "max_time_residual_ns_actual_vs_G4_formula": 4.5473650886473926e-13,
      "photons_below_local_linear_beta_threshold_fraction": 1e-05,
      "rms_cosine_residual_vs_local_linear_beta": 0.0009983279124899866
    },
    {
      "variant": "coarse",
      "scenario": "p1000",
      "events": 10,
      "steps": 189249,
      "photons_observed_per_event": 43977.0,
      "exact_expected_photons_per_event": 44146.39480113462,
      "exact_expected_photons_per_event_standard_error": 10008.003014198766,
      "observed_photons_per_event_standard_error": 9980.244941327286,
      "coarse_expected_photons_per_event_on_same_paths": 44145.425134579644,
      "sparse_table_expected_fraction_lost": 2.1964795978157703e-05,
      "exact_QEweighted_per_event": 4873.707867587017,
      "exact_QEweighted_per_event_standard_error": 1107.4562573314638,
      "sparse_table_QEweighted_fraction_lost": 1.5552715516120585e-05,
      "linear_beta_path_vs_midpoint_fraction": 0.00010662531045269041,
      "linear_beta_path_vs_midpoint_QEweighted_fraction": 0.00011515700383979421,
      "emission_weighted_mean_abs_beta_change": 0.0009758165697519502,
      "actual_aggregate_count_minus_expected_in_sqrt_expected": -2.5349187938357702,
      "primary_track": {
        "exact_expected_photons_per_event": 15341.466548808912,
        "observed_photons_per_event": 15292.2,
        "exact_QEweighted_per_event": 1691.4504111759275,
        "sparse_table_expected_fraction_lost": 1.6474069802874247e-05,
        "sparse_table_QEweighted_fraction_lost": 1.6472053030680556e-05,
        "linear_beta_path_vs_midpoint_fraction": 0.00012305698578995994
      },
      "photon_rows_sampled": 200000,
      "max_cosine_residual_actual_vs_G4_mean_beta": 6.661338147750939e-16,
      "max_time_residual_ns_actual_vs_G4_formula": 2.247596369003152e-13,
      "photons_below_local_linear_beta_threshold_fraction": 0.0,
      "rms_cosine_residual_vs_local_linear_beta": 0.0008589291434562931
    },
    {
      "variant": "coarse",
      "scenario": "p500",
      "events": 20,
      "steps": 209608,
      "photons_observed_per_event": 1597.85,
      "exact_expected_photons_per_event": 1596.944430720147,
      "exact_expected_photons_per_event_standard_error": 264.66878973750977,
      "observed_photons_per_event_standard_error": 263.2698862884166,
      "coarse_expected_photons_per_event_on_same_paths": 1595.9978863804943,
      "sparse_table_expected_fraction_lost": 0.0005927221520324322,
      "exact_QEweighted_per_event": 170.95915413742134,
      "exact_QEweighted_per_event_standard_error": 29.16298572781718,
      "sparse_table_QEweighted_fraction_lost": 0.00021573245544737052,
      "linear_beta_path_vs_midpoint_fraction": 0.000744108762882556,
      "linear_beta_path_vs_midpoint_QEweighted_fraction": 0.0008807937718879888,
      "emission_weighted_mean_abs_beta_change": 0.005369829173861575,
      "actual_aggregate_count_minus_expected_in_sqrt_expected": 0.2073320621376684,
      "primary_track": {
        "exact_expected_photons_per_event": 267.77260864971396,
        "observed_photons_per_event": 269.05,
        "exact_QEweighted_per_event": 24.37212141393902,
        "sparse_table_expected_fraction_lost": 0.0033082465201780265,
        "sparse_table_QEweighted_fraction_lost": 0.001385007525477766,
        "linear_beta_path_vs_midpoint_fraction": 4.6990554056103306e-05
      },
      "photon_rows_sampled": 31957,
      "max_cosine_residual_actual_vs_G4_mean_beta": 6.661338147750939e-16,
      "max_time_residual_ns_actual_vs_G4_formula": 2.3690935552298648e-15,
      "photons_below_local_linear_beta_threshold_fraction": 0.00012516819476171104,
      "rms_cosine_residual_vs_local_linear_beta": 0.002711451158015412
    },
    {
      "variant": "dense",
      "scenario": "e025",
      "events": 1000,
      "steps": 17159,
      "photons_observed_per_event": 0.009,
      "exact_expected_photons_per_event": 0.005587409010356899,
      "exact_expected_photons_per_event_standard_error": 9.503591291320548e-05,
      "observed_photons_per_event_standard_error": 0.002987963843142672,
      "coarse_expected_photons_per_event_on_same_paths": 0.005073337352903065,
      "sparse_table_expected_fraction_lost": 0.09200537431588485,
      "exact_QEweighted_per_event": 3.383785491574072e-05,
      "exact_QEweighted_per_event_standard_error": 6.591533584160937e-07,
      "sparse_table_QEweighted_fraction_lost": 0.0885697656882527,
      "linear_beta_path_vs_midpoint_fraction": 0.31614621293060274,
      "linear_beta_path_vs_midpoint_QEweighted_fraction": 1.4713601969083507,
      "emission_weighted_mean_abs_beta_change": 0.007905681764367765,
      "actual_aggregate_count_minus_expected_in_sqrt_expected": 1.443706819304255,
      "primary_track": {
        "exact_expected_photons_per_event": 0.005587409010356898,
        "observed_photons_per_event": 0.009,
        "exact_QEweighted_per_event": 3.383785491574072e-05,
        "sparse_table_expected_fraction_lost": 0.09200537431588462,
        "sparse_table_QEweighted_fraction_lost": 0.08856976568825248,
        "linear_beta_path_vs_midpoint_fraction": 0.31614621293060297
      },
      "photon_rows_sampled": 9,
      "max_cosine_residual_actual_vs_G4_mean_beta": 4.440892098500626e-16,
      "max_time_residual_ns_actual_vs_G4_formula": 6.776263578034403e-20,
      "photons_below_local_linear_beta_threshold_fraction": 0.0,
      "rms_cosine_residual_vs_local_linear_beta": 0.002597116061980331
    },
    {
      "variant": "dense",
      "scenario": "e030",
      "events": 1000,
      "steps": 19389,
      "photons_observed_per_event": 0.929,
      "exact_expected_photons_per_event": 0.8929990173206531,
      "exact_expected_photons_per_event_standard_error": 0.008109590703987054,
      "observed_photons_per_event_standard_error": 0.0323883931062967,
      "coarse_expected_photons_per_event_on_same_paths": 0.8922233029270586,
      "sparse_table_expected_fraction_lost": 0.0008686620909416076,
      "exact_QEweighted_per_event": 0.09161406738221615,
      "exact_QEweighted_per_event_standard_error": 0.0008661203459293566,
      "sparse_table_QEweighted_fraction_lost": 0.00041491511894331534,
      "linear_beta_path_vs_midpoint_fraction": 0.05330879501430297,
      "linear_beta_path_vs_midpoint_QEweighted_fraction": 0.06417646708031288,
      "emission_weighted_mean_abs_beta_change": 0.015139353987989042,
      "actual_aggregate_count_minus_expected_in_sqrt_expected": 1.2047276135052256,
      "primary_track": {
        "exact_expected_photons_per_event": 0.8929990173206531,
        "observed_photons_per_event": 0.929,
        "exact_QEweighted_per_event": 0.09161406738221618,
        "sparse_table_expected_fraction_lost": 0.0008686620909417186,
        "sparse_table_QEweighted_fraction_lost": 0.0004149151189436484,
        "linear_beta_path_vs_midpoint_fraction": 0.05330879501430297
      },
      "photon_rows_sampled": 929,
      "max_cosine_residual_actual_vs_G4_mean_beta": 5.551115123125783e-16,
      "max_time_residual_ns_actual_vs_G4_formula": 5.421010862427522e-19,
      "photons_below_local_linear_beta_threshold_fraction": 0.011840688912809472,
      "rms_cosine_residual_vs_local_linear_beta": 0.00671219823777786
    },
    {
      "variant": "dense",
      "scenario": "e035",
      "events": 1000,
      "steps": 22140,
      "photons_observed_per_event": 3.62,
      "exact_expected_photons_per_event": 3.526112442578782,
      "exact_expected_photons_per_event_standard_error": 0.025820275196525386,
      "observed_photons_per_event_standard_error": 0.06764744027807834,
      "coarse_expected_photons_per_event_on_same_paths": 3.5252717171873003,
      "sparse_table_expected_fraction_lost": 0.00023842841235865997,
      "exact_QEweighted_per_event": 0.3788848330219513,
      "exact_QEweighted_per_event_standard_error": 0.0027949396906990693,
      "sparse_table_QEweighted_fraction_lost": 0.00011593679692700753,
      "linear_beta_path_vs_midpoint_fraction": 0.008528413926467637,
      "linear_beta_path_vs_midpoint_QEweighted_fraction": 0.010174694736291956,
      "emission_weighted_mean_abs_beta_change": 0.01635646626768575,
      "actual_aggregate_count_minus_expected_in_sqrt_expected": 1.581102269308091,
      "primary_track": {
        "exact_expected_photons_per_event": 3.5261124425787824,
        "observed_photons_per_event": 3.62,
        "exact_QEweighted_per_event": 0.3788848330219513,
        "sparse_table_expected_fraction_lost": 0.000238428412358771,
        "sparse_table_QEweighted_fraction_lost": 0.00011593679692722958,
        "linear_beta_path_vs_midpoint_fraction": 0.008528413926467637
      },
      "photon_rows_sampled": 3620,
      "max_cosine_residual_actual_vs_G4_mean_beta": 6.661338147750939e-16,
      "max_time_residual_ns_actual_vs_G4_formula": 5.421010862427522e-19,
      "photons_below_local_linear_beta_threshold_fraction": 0.0033149171270718232,
      "rms_cosine_residual_vs_local_linear_beta": 0.006832576266866312
    },
    {
      "variant": "dense",
      "scenario": "e050",
      "events": 1000,
      "steps": 29719,
      "photons_observed_per_event": 18.315,
      "exact_expected_photons_per_event": 18.397508263779937,
      "exact_expected_photons_per_event_standard_error": 0.12393886720868834,
      "observed_photons_per_event_standard_error": 0.18165013562277288,
      "coarse_expected_photons_per_event_on_same_paths": 18.396341569213146,
      "sparse_table_expected_fraction_lost": 6.341590122216356e-05,
      "exact_QEweighted_per_event": 2.0156264660467325,
      "exact_QEweighted_per_event_standard_error": 0.013611913587453438,
      "sparse_table_QEweighted_fraction_lost": 3.9144627642428986e-05,
      "linear_beta_path_vs_midpoint_fraction": 0.0015207926739431166,
      "linear_beta_path_vs_midpoint_QEweighted_fraction": 0.0017768363076933191,
      "emission_weighted_mean_abs_beta_change": 0.012709213579822399,
      "actual_aggregate_count_minus_expected_in_sqrt_expected": -0.6083001800684865,
      "primary_track": {
        "exact_expected_photons_per_event": 18.397508263779937,
        "observed_photons_per_event": 18.315,
        "exact_QEweighted_per_event": 2.0156264660467325,
        "sparse_table_expected_fraction_lost": 6.341590122216356e-05,
        "sparse_table_QEweighted_fraction_lost": 3.9144627642317964e-05,
        "linear_beta_path_vs_midpoint_fraction": 0.0015207926739428945
      },
      "photon_rows_sampled": 18315,
      "max_cosine_residual_actual_vs_G4_mean_beta": 6.661338147750939e-16,
      "max_time_residual_ns_actual_vs_G4_formula": 1.0842021724855044e-18,
      "photons_below_local_linear_beta_threshold_fraction": 0.000273000273000273,
      "rms_cosine_residual_vs_local_linear_beta": 0.0050854091337780025
    },
    {
      "variant": "dense",
      "scenario": "e100",
      "events": 10,
      "steps": 31692,
      "photons_observed_per_event": 21459.5,
      "exact_expected_photons_per_event": 21436.35104448812,
      "exact_expected_photons_per_event_standard_error": 277.0011604764352,
      "observed_photons_per_event_standard_error": 279.7122827319371,
      "coarse_expected_photons_per_event_on_same_paths": 21436.168799615138,
      "sparse_table_expected_fraction_lost": 8.501674217065158e-06,
      "exact_QEweighted_per_event": 2372.9990443716442,
      "exact_QEweighted_per_event_standard_error": 30.726793385747712,
      "sparse_table_QEweighted_fraction_lost": 7.847714167175113e-06,
      "linear_beta_path_vs_midpoint_fraction": 5.520788467250348e-05,
      "linear_beta_path_vs_midpoint_QEweighted_fraction": 6.205566672923268e-05,
      "emission_weighted_mean_abs_beta_change": 0.001169592531320531,
      "actual_aggregate_count_minus_expected_in_sqrt_expected": 0.4999838426881336,
      "primary_track": {
        "exact_expected_photons_per_event": 10686.398252872577,
        "observed_photons_per_event": 10686.9,
        "exact_QEweighted_per_event": 1183.3634333992718,
        "sparse_table_expected_fraction_lost": 6.963557681594068e-06,
        "sparse_table_QEweighted_fraction_lost": 6.939866074917589e-06,
        "linear_beta_path_vs_midpoint_fraction": 4.35901329165489e-06
      },
      "photon_rows_sampled": 200000,
      "max_cosine_residual_actual_vs_G4_mean_beta": 7.771561172376096e-16,
      "max_time_residual_ns_actual_vs_G4_formula": 1.7418250002065871e-15,
      "photons_below_local_linear_beta_threshold_fraction": 1e-05,
      "rms_cosine_residual_vs_local_linear_beta": 0.0009840106559722433
    },
    {
      "variant": "dense",
      "scenario": "e10",
      "events": 100,
      "steps": 30634,
      "photons_observed_per_event": 2183.46,
      "exact_expected_photons_per_event": 2181.1277355931115,
      "exact_expected_photons_per_event_standard_error": 19.27415006471414,
      "observed_photons_per_event_standard_error": 19.31045888171025,
      "coarse_expected_photons_per_event_on_same_paths": 2181.1088986354066,
      "sparse_table_expected_fraction_lost": 8.636338623246864e-06,
      "exact_QEweighted_per_event": 241.43057074479722,
      "exact_QEweighted_per_event_standard_error": 2.137130763938025,
      "sparse_table_QEweighted_fraction_lost": 8.028744645338648e-06,
      "linear_beta_path_vs_midpoint_fraction": 2.8446764479994613e-05,
      "linear_beta_path_vs_midpoint_QEweighted_fraction": 3.495000624953448e-05,
      "emission_weighted_mean_abs_beta_change": 0.0016472520980768525,
      "actual_aggregate_count_minus_expected_in_sqrt_expected": 0.4993870019129379,
      "primary_track": {
        "exact_expected_photons_per_event": 2039.4493864725714,
        "observed_photons_per_event": 2043.1,
        "exact_QEweighted_per_event": 225.78533762077038,
        "sparse_table_expected_fraction_lost": 7.76561548165855e-06,
        "sparse_table_QEweighted_fraction_lost": 7.537498080356642e-06,
        "linear_beta_path_vs_midpoint_fraction": 8.198274832560415e-06
      },
      "photon_rows_sampled": 200000,
      "max_cosine_residual_actual_vs_G4_mean_beta": 8.881784197001252e-16,
      "max_time_residual_ns_actual_vs_G4_formula": 3.066191506424787e-16,
      "photons_below_local_linear_beta_threshold_fraction": 0.0,
      "rms_cosine_residual_vs_local_linear_beta": 0.0010285134041180903
    },
    {
      "variant": "dense",
      "scenario": "e1",
      "events": 300,
      "steps": 14638,
      "photons_observed_per_event": 105.84333333333333,
      "exact_expected_photons_per_event": 106.11347044141203,
      "exact_expected_photons_per_event_standard_error": 1.000570433902972,
      "observed_photons_per_event_standard_error": 1.1146217652966335,
      "coarse_expected_photons_per_event_on_same_paths": 106.11132617784374,
      "sparse_table_expected_fraction_lost": 2.020727019280688e-05,
      "exact_QEweighted_per_event": 11.710832921472768,
      "exact_QEweighted_per_event_standard_error": 0.11061435178720117,
      "sparse_table_QEweighted_fraction_lost": 1.5768973210095183e-05,
      "linear_beta_path_vs_midpoint_fraction": 0.00019407785346792217,
      "linear_beta_path_vs_midpoint_QEweighted_fraction": 0.0002399182251715537,
      "emission_weighted_mean_abs_beta_change": 0.00839934020733965,
      "actual_aggregate_count_minus_expected_in_sqrt_expected": -0.45421305696214487,
      "primary_track": {
        "exact_expected_photons_per_event": 105.94724282938803,
        "observed_photons_per_event": 105.67666666666666,
        "exact_QEweighted_per_event": 11.692954717706753,
        "sparse_table_expected_fraction_lost": 1.980826022851545e-05,
        "sparse_table_QEweighted_fraction_lost": 1.558794776557182e-05,
        "linear_beta_path_vs_midpoint_fraction": 0.00018255423705837437
      },
      "photon_rows_sampled": 31753,
      "max_cosine_residual_actual_vs_G4_mean_beta": 7.771561172376096e-16,
      "max_time_residual_ns_actual_vs_G4_formula": 6.776263578034403e-18,
      "photons_below_local_linear_beta_threshold_fraction": 6.298617453468964e-05,
      "rms_cosine_residual_vs_local_linear_beta": 0.003064536553731496
    },
    {
      "variant": "dense",
      "scenario": "mu1000",
      "events": 5,
      "steps": 127583,
      "photons_observed_per_event": 212710.2,
      "exact_expected_photons_per_event": 213014.48750670854,
      "exact_expected_photons_per_event_standard_error": 1409.0612179124196,
      "observed_photons_per_event_standard_error": 1276.924954725218,
      "coarse_expected_photons_per_event_on_same_paths": 213012.4848355786,
      "sparse_table_expected_fraction_lost": 9.401572416023463e-06,
      "exact_QEweighted_per_event": 23573.280439887283,
      "exact_QEweighted_per_event_standard_error": 156.09908209234436,
      "sparse_table_QEweighted_fraction_lost": 8.579537579711527e-06,
      "linear_beta_path_vs_midpoint_fraction": 2.1424652231427643e-05,
      "linear_beta_path_vs_midpoint_QEweighted_fraction": 2.562057092991843e-05,
      "emission_weighted_mean_abs_beta_change": 0.0004543535930948105,
      "actual_aggregate_count_minus_expected_in_sqrt_expected": -1.4742276521903592,
      "primary_track": {
        "exact_expected_photons_per_event": 188933.83669235295,
        "observed_photons_per_event": 188606.0,
        "exact_QEweighted_per_event": 20910.739869327215,
        "sparse_table_expected_fraction_lost": 8.721913462017561e-06,
        "sparse_table_QEweighted_fraction_lost": 8.229463867914788e-06,
        "linear_beta_path_vs_midpoint_fraction": 1.062570367249549e-07
      },
      "photon_rows_sampled": 200000,
      "max_cosine_residual_actual_vs_G4_mean_beta": 7.771561172376096e-16,
      "max_time_residual_ns_actual_vs_G4_formula": 2.544405658388982e-15,
      "photons_below_local_linear_beta_threshold_fraction": 0.0,
      "rms_cosine_residual_vs_local_linear_beta": 0.0006617358769483152
    },
    {
      "variant": "dense",
      "scenario": "mu100",
      "events": 30,
      "steps": 100748,
      "photons_observed_per_event": 10044.1,
      "exact_expected_photons_per_event": 10052.38541156997,
      "exact_expected_photons_per_event_standard_error": 685.0233905702061,
      "observed_photons_per_event_standard_error": 685.6114283540315,
      "coarse_expected_photons_per_event_on_same_paths": 10052.11661883797,
      "sparse_table_expected_fraction_lost": 2.6739198806580156e-05,
      "exact_QEweighted_per_event": 1109.0464804480505,
      "exact_QEweighted_per_event_standard_error": 75.84184454820779,
      "sparse_table_QEweighted_fraction_lost": 1.7550069036365024e-05,
      "linear_beta_path_vs_midpoint_fraction": 5.19795073592455e-05,
      "linear_beta_path_vs_midpoint_QEweighted_fraction": 6.125546513402469e-05,
      "emission_weighted_mean_abs_beta_change": 0.0011772483557589014,
      "actual_aggregate_count_minus_expected_in_sqrt_expected": -0.45262667835395826,
      "primary_track": {
        "exact_expected_photons_per_event": 2997.906779592496,
        "observed_photons_per_event": 2974.733333333333,
        "exact_QEweighted_per_event": 328.255594934341,
        "sparse_table_expected_fraction_lost": 6.679878987736476e-05,
        "sparse_table_QEweighted_fraction_lost": 3.924282838863036e-05,
        "linear_beta_path_vs_midpoint_fraction": 8.429886230842953e-06
      },
      "photon_rows_sampled": 200000,
      "max_cosine_residual_actual_vs_G4_mean_beta": 8.881784197001252e-16,
      "max_time_residual_ns_actual_vs_G4_formula": 4.546450022013815e-13,
      "photons_below_local_linear_beta_threshold_fraction": 5e-06,
      "rms_cosine_residual_vs_local_linear_beta": 0.0009386233201018803
    },
    {
      "variant": "dense",
      "scenario": "mu60",
      "events": 30,
      "steps": 72426,
      "photons_observed_per_event": 6850.766666666666,
      "exact_expected_photons_per_event": 6845.157410879786,
      "exact_expected_photons_per_event_standard_error": 611.4497332471786,
      "observed_photons_per_event_standard_error": 610.4846401210721,
      "coarse_expected_photons_per_event_on_same_paths": 6844.9698978460165,
      "sparse_table_expected_fraction_lost": 2.7393531297326135e-05,
      "exact_QEweighted_per_event": 756.6847121635426,
      "exact_QEweighted_per_event_standard_error": 67.69500370379085,
      "sparse_table_QEweighted_fraction_lost": 1.481916931067584e-05,
      "linear_beta_path_vs_midpoint_fraction": 5.486876578020272e-05,
      "linear_beta_path_vs_midpoint_QEweighted_fraction": 6.256169101082065e-05,
      "emission_weighted_mean_abs_beta_change": 0.0012335343395876905,
      "actual_aggregate_count_minus_expected_in_sqrt_expected": 0.37134206847774326,
      "primary_track": {
        "exact_expected_photons_per_event": 107.28119000598468,
        "observed_photons_per_event": 106.8,
        "exact_QEweighted_per_event": 10.866799119024995,
        "sparse_table_expected_fraction_lost": 0.0011867102411536878,
        "sparse_table_QEweighted_fraction_lost": 0.0004787181029879406,
        "linear_beta_path_vs_midpoint_fraction": 0.0002681078479955801
      },
      "photon_rows_sampled": 200000,
      "max_cosine_residual_actual_vs_G4_mean_beta": 7.771561172376096e-16,
      "max_time_residual_ns_actual_vs_G4_formula": 4.548457422336172e-13,
      "photons_below_local_linear_beta_threshold_fraction": 1e-05,
      "rms_cosine_residual_vs_local_linear_beta": 0.0010547650525000514
    },
    {
      "variant": "dense",
      "scenario": "p1000",
      "events": 10,
      "steps": 180380,
      "photons_observed_per_event": 30645.3,
      "exact_expected_photons_per_event": 30614.68530624097,
      "exact_expected_photons_per_event_standard_error": 4366.154819320319,
      "observed_photons_per_event_standard_error": 4385.2087041426985,
      "coarse_expected_photons_per_event_on_same_paths": 30613.895842987324,
      "sparse_table_expected_fraction_lost": 2.5787077206462783e-05,
      "exact_QEweighted_per_event": 3374.8165594592147,
      "exact_QEweighted_per_event_standard_error": 482.5626826818896,
      "sparse_table_QEweighted_fraction_lost": 1.8898228989261412e-05,
      "linear_beta_path_vs_midpoint_fraction": 0.0001683412954625041,
      "linear_beta_path_vs_midpoint_QEweighted_fraction": 0.00017789240320342792,
      "emission_weighted_mean_abs_beta_change": 0.0009318850721140827,
      "actual_aggregate_count_minus_expected_in_sqrt_expected": 0.5533055413767913,
      "primary_track": {
        "exact_expected_photons_per_event": 17484.055423671252,
        "observed_photons_per_event": 17504.8,
        "exact_QEweighted_per_event": 1925.8958513734556,
        "sparse_table_expected_fraction_lost": 1.8491161002609502e-05,
        "sparse_table_QEweighted_fraction_lost": 1.846996121468436e-05,
        "linear_beta_path_vs_midpoint_fraction": 9.500713350951706e-05
      },
      "photon_rows_sampled": 200000,
      "max_cosine_residual_actual_vs_G4_mean_beta": 7.771561172376096e-16,
      "max_time_residual_ns_actual_vs_G4_formula": 4.548644447210926e-13,
      "photons_below_local_linear_beta_threshold_fraction": 1e-05,
      "rms_cosine_residual_vs_local_linear_beta": 0.000957670029564527
    },
    {
      "variant": "dense",
      "scenario": "p500",
      "events": 20,
      "steps": 188877,
      "photons_observed_per_event": 2537.7,
      "exact_expected_photons_per_event": 2547.6874637101246,
      "exact_expected_photons_per_event_standard_error": 679.5933389788654,
      "observed_photons_per_event_standard_error": 683.008557779476,
      "coarse_expected_photons_per_event_on_same_paths": 2546.8280398273077,
      "sparse_table_expected_fraction_lost": 0.00033733489490317403,
      "exact_QEweighted_per_event": 276.7174981118684,
      "exact_QEweighted_per_event_standard_error": 75.44566845417633,
      "sparse_table_QEweighted_fraction_lost": 0.0001212782636860199,
      "linear_beta_path_vs_midpoint_fraction": 0.0005238344373827974,
      "linear_beta_path_vs_midpoint_QEweighted_fraction": 0.0005869828760116658,
      "emission_weighted_mean_abs_beta_change": 0.00356092231572636,
      "actual_aggregate_count_minus_expected_in_sqrt_expected": -0.8849059944966052,
      "primary_track": {
        "exact_expected_photons_per_event": 257.5211041512158,
        "observed_photons_per_event": 256.0,
        "exact_QEweighted_per_event": 23.72906195241128,
        "sparse_table_expected_fraction_lost": 0.0031291357185803115,
        "sparse_table_QEweighted_fraction_lost": 0.0012569337607895026,
        "linear_beta_path_vs_midpoint_fraction": 2.523430663092796e-05
      },
      "photon_rows_sampled": 50754,
      "max_cosine_residual_actual_vs_G4_mean_beta": 7.771561172376096e-16,
      "max_time_residual_ns_actual_vs_G4_formula": 9.05769816789137e-13,
      "photons_below_local_linear_beta_threshold_fraction": 0.00017732592505024234,
      "rms_cosine_residual_vs_local_linear_beta": 0.0020481514229752666
    }
  ]
}
