warning: `--no-sync` has no effect when used alongside `--no-project`
/sdf/group/neutrino/youngsam/sim/LUCiD/audit/wc_data_20261004/env_system/lib/python3.12/site-packages/jaxlib/plugin_support.py:92: RuntimeWarning: JAX plugin jax_cuda12_plugin version 0.9.2 is installed, but it is not compatible with the installed jaxlib version 0.11.0, so it will not be used.
  warnings.warn(
{
  "job": "39967521",
  "partition": "milano",
  "devices": "[CpuDevice(id=0)]",
  "radius": 16.96228024518598,
  "height": 36.37842222222,
  "sensor_radius": 0.254,
  "count": 11096,
  "surfaces": {
    "0": 7752,
    "1": 1672,
    "2": 1672
  },
  "min_sensor_separation": 0.6977316636934007,
  "max_snap_displacement": 0.028725073066482032,
  "cylinder": {
    "n": 200000,
    "misses": 0,
    "max_distance_error_m": 4.79259325878445e-05,
    "distance_error_p999_m": 7.841674163990785e-06,
    "wrong_wall_part": 0
  },
  "sphere_reflection": {
    "sampled_rays": 200000,
    "initial_valid_hits": 172953,
    "origins_inside_pmt_after_nudge": 24691,
    "self_intersections": 24711,
    "self_intersection_fraction": 0.14287696657473417,
    "max_penetration_m": 0.001025652635194163,
    "depth_quantiles_m": [
      -0.0012965577400613215,
      -0.00026836013420049597,
      -0.00010169908249324511,
      3.01346859031271e-05,
      0.000214475646094917,
      0.001025652635194163
    ],
    "self_hit_zero_charge": 24711,
    "example": {
      "sensor_id": 9116,
      "sensor_center": [
        -8.8375,
        13.0795,
        18.18921111111
      ],
      "origin": [
        13.468449592590332,
        0.8462147116661072,
        -14.998174667358398
      ],
      "direction": [
        -0.5358768105506897,
        0.29523953795433044,
        0.7909928560256958
      ],
      "first_hit": [
        -8.849344253540039,
        13.142128944396973,
        17.944499969482422
      ],
      "first_normal": [
        0.04683976247906685,
        -0.24766618013381958,
        0.9677124619483948
      ],
      "new_origin": [
        -8.849349975585938,
        13.142152786254883,
        17.94440460205078
      ],
      "reflected_dir": [
        -0.5983827114105225,
        0.6257413029670715,
        -0.5003857612609863
      ],
      "self_hit_distance_m": 0.0015336851356551051,
      "inside_depth_m": 0.001025652635194163
    }
  }
}
