{
  "events": 1000,
  "captures": 1000,
  "mean_us": 202.71076140687157,
  "sample_sd_us": 200.81610636344473,
  "mean_standard_error_us": 6.3503628695511845,
  "median_us": 137.3599157948345,
  "rate_oracle_us": 204.4161444683462,
  "hydrogen_density_m3": 6.685592186188613e+28,
  "sigma_2200_barn": 0.3326,
  "gamma_energy_MeV_min_max": [
    0.8706197772588503,
    2.223073283220621
  ],
  "histogram_times_100us_bins": [
    401,
    218,
    154,
    80,
    63,
    32,
    19,
    10,
    10,
    6,
    4,
    1,
    1,
    1,
    0,
    0,
    0,
    0,
    0,
    0
  ]
}
