{
  "events": 1000,
  "captures": 1000,
  "mean_us": 215.67948145870403,
  "sample_sd_us": 218.13159605192868,
  "mean_standard_error_us": 6.897926731718871,
  "median_us": 145.62174752962545,
  "rate_oracle_us": 204.4161444683462,
  "hydrogen_density_m3": 6.685592186188613e+28,
  "sigma_2200_barn": 0.3326,
  "gamma_energy_MeV_min_max": [
    2.223047475052105,
    2.2230636950116476
  ],
  "histogram_times_100us_bins": [
    375,
    222,
    152,
    99,
    52,
    41,
    24,
    11,
    7,
    4,
    5,
    1,
    3,
    2,
    1,
    1,
    0,
    0,
    0,
    0
  ]
}
