{
  "events": 1000,
  "captures": 1000,
  "mean_us": 383.87551741708086,
  "sample_sd_us": 387.6140981468053,
  "mean_standard_error_us": 12.25743403335956,
  "median_us": 275.51708314737965,
  "rate_oracle_us": 204.4161444683462,
  "hydrogen_density_m3": 6.685592186188613e+28,
  "sigma_2200_barn": 0.3326,
  "gamma_energy_MeV_min_max": [
    2.2230328536141304,
    6.2504417442711615
  ],
  "histogram_times_100us_bins": [
    220,
    173,
    139,
    103,
    98,
    64,
    56,
    30,
    34,
    18,
    12,
    14,
    8,
    8,
    7,
    3,
    1,
    1,
    1,
    1
  ]
}
