
**************************************************************
 Geant4 version Name: geant4-11-03 [MT]   (6-December-2024)
                       Copyright : Geant4 Collaboration
                      References : NIM A 506 (2003), 250-303
                                 : IEEE-TNS 53 (2006), 270-278
                                 : NIM A 835 (2016), 186-225
                             WWW : http://geant4.org/
**************************************************************

Accumulable registered as "accumulable_0"
Accumulable registered as "accumulable_1"
Output filename set to: /sdf/group/neutrino/youngsam/sim/lucid-data/LUCID/audit_wc_20261006/photonsim_physics/muon.root
Checking overlaps for volume Detector:0 (G4Box) ... OK! 
### Birks coefficients used in run time
Individual photon storage: enabled
ROOT file /sdf/group/neutrino/youngsam/sim/lucid-data/LUCID/audit_wc_20261006/photonsim_physics/muon.root created for optical photon data
1D wavelength histogram created: 800 bins from 0-800 nm

### Starting run with 5 events ###
Progress: [>                                       ] 0.0% (0/5) Elapsed: 0s     Progress: [========>                               ] 20.0% (1/5) Elapsed: 1s ETA: 4s     Progress: [================>                       ] 40.0% (2/5) Elapsed: 2s ETA: 3s     Progress: [========================>               ] 60.0% (3/5) Elapsed: 3s ETA: 2s     Progress: [================================>       ] 80.0% (4/5) Elapsed: 4s ETA: 1s     

--------------------End of Global Run-----------------------
 The run consists of 5 mu- of 1 GeV
------------------------------------------------------------

OpticalPhotonsRaw written with 15 chunk entries
Photon wavelength histogram written with 1061694.0 entries
Photon distance (s) histogram written with 1061694.0 entries
ROOT file closed with 5 events
