/sdf/group/neutrino/youngsam/sim/LUCiD/audit/wc_data_20261004/env_system/lib/python3.12/site-packages/jaxlib/plugin_support.py:92: RuntimeWarning: JAX plugin jax_cuda12_plugin version 0.9.2 is installed, but it is not compatible with the installed jaxlib version 0.11.0, so it will not be used.
  warnings.warn(
{"e2e": {"pmt_center_m": [16.95856475830078, -0.3550415337085724, -16.096391677856445], "center_distance_m": 23.384029388427734, "rows": [{"wavelength_nm": 275.0, "input_photons": 30000, "detected_pe": 127.99995422363281, "first_hit_time_ns": 3.3095602989196777, "hit_sensors": 1}, {"wavelength_nm": 400.0, "input_photons": 30000, "detected_pe": 5079.99951171875, "first_hit_time_ns": 3.3095602989196777, "hit_sensors": 1}, {"wavelength_nm": 500.0, "input_photons": 30000, "detected_pe": 3026.999755859375, "first_hit_time_ns": 3.3095602989196777, "hit_sensors": 1}, {"wavelength_nm": 674.0, "input_photons": 30000, "detected_pe": 48.99995422363281, "first_hit_time_ns": 3.3095602989196777, "hit_sensors": 1}]}}
{"spectral": {"wavelengths_nm": [275.0, 294.0, 299.0, 300.0, 337.0, 375.0, 398.0, 400.0, 405.0, 445.0, 465.0, 500.0, 600.0, 648.219970703125, 674.0], "raw_qe": [0.0, 0.0, 0.004657241515815258, 0.0055012465454638, 0.1635957509279251, 0.22251151502132416, 0.22671271860599518, 0.2261907458305359, 0.22488579154014587, 0.19755065441131592, 0.17312543094158173, 0.13203443586826324, 0.01061915047466755, 0.002311999909579754, 0.0], "simulated_qe": [0.0055012465454638, 0.0055012465454638, 0.0055012465454638, 0.0055012465454638, 0.1635957509279251, 0.22251151502132416, 0.22671271860599518, 0.2261907458305359, 0.22488579154014587, 0.19755065441131592, 0.17312543094158173, 0.13203443586826324, 0.01061915047466755, 0.002311999909579754, 0.002311999909579754]}}
Traceback (most recent call last):
  File "/sdf/group/neutrino/youngsam/sim/LUCiD/audit/wc_data_review_20261004/water_optics/reproduce.py", line 157, in <module>
    main()
  File "/sdf/group/neutrino/youngsam/sim/LUCiD/audit/wc_data_review_20261004/water_optics/reproduce.py", line 89, in main
    emit("spectral_charge_bias_bare_cherenkov_275_674_nm", distance_rows)
  File "/sdf/group/neutrino/youngsam/sim/LUCiD/audit/wc_data_review_20261004/water_optics/reproduce.py", line 27, in emit
    print(json.dumps({key: value}), flush=True)
          ^^^^^^^^^^^^^^^^^^^^^^^^
  File "/sdf/group/neutrino/youngsam/.conda/envs/py310_torch/lib/python3.12/json/__init__.py", line 231, in dumps
    return _default_encoder.encode(obj)
           ^^^^^^^^^^^^^^^^^^^^^^^^^^^^
  File "/sdf/group/neutrino/youngsam/.conda/envs/py310_torch/lib/python3.12/json/encoder.py", line 200, in encode
    chunks = self.iterencode(o, _one_shot=True)
             ^^^^^^^^^^^^^^^^^^^^^^^^^^^^^^^^^^
  File "/sdf/group/neutrino/youngsam/.conda/envs/py310_torch/lib/python3.12/json/encoder.py", line 258, in iterencode
    return _iterencode(o, 0)
           ^^^^^^^^^^^^^^^^^
  File "/sdf/group/neutrino/youngsam/.conda/envs/py310_torch/lib/python3.12/json/encoder.py", line 180, in default
    raise TypeError(f'Object of type {o.__class__.__name__} '
TypeError: Object of type float32 is not JSON serializable
