warning: `--no-sync` has no effect when used alongside `--no-project`
/sdf/group/neutrino/youngsam/sim/LUCiD/audit/wc_data_20261004/env_system/lib/python3.12/site-packages/jaxlib/plugin_support.py:92: RuntimeWarning: JAX plugin jax_cuda12_plugin version 0.9.2 is installed, but it is not compatible with the installed jaxlib version 0.11.0, so it will not be used.
  warnings.warn(
{
  "job_id": "39968668",
  "partition": "milano",
  "node": "sdfmilan271",
  "jax_devices": [
    "cpu:0"
  ],
  "water_reference_equations_pass": true,
  "water_rows": [
    {
      "wavelength_nm": 300.0,
      "sym_length_m": 41.992119997235086,
      "asym_length_m": 1715.967907586866,
      "abs_length_m": 424.1800537109375,
      "prob_any_asymmetric_scattering_20m": 0.011587570556557554,
      "prob_any_asymmetric_scattering_50m": 0.028717653702932604
    },
    {
      "wavelength_nm": 337.0,
      "sym_length_m": 75.63742652053683,
      "asym_length_m": 4799.507779661015,
      "abs_length_m": 586.0702514648438,
      "prob_any_asymmetric_scattering_20m": 0.004158423696429501,
      "prob_any_asymmetric_scattering_50m": 0.010363658310161781
    },
    {
      "wavelength_nm": 375.0,
      "sym_length_m": 128.338513372901,
      "asym_length_m": 9367.530123312335,
      "abs_length_m": 551.625244140625,
      "prob_any_asymmetric_scattering_20m": 0.00213275693576268,
      "prob_any_asymmetric_scattering_50m": 0.005323366649055166
    },
    {
      "wavelength_nm": 400.0,
      "sym_length_m": 175.66280974722739,
      "asym_length_m": 9885.818792941525,
      "abs_length_m": 400.421630859375,
      "prob_any_asymmetric_scattering_20m": 0.0020210549125662756,
      "prob_any_asymmetric_scattering_50m": 0.0050449811188086
    },
    {
      "wavelength_nm": 405.0,
      "sym_length_m": 186.5162734550063,
      "asym_length_m": 9717.977046624717,
      "abs_length_m": 367.6611328125,
      "prob_any_asymmetric_scattering_20m": 0.002055925178706531,
      "prob_any_asymmetric_scattering_50m": 0.0051318903599647065
    },
    {
      "wavelength_nm": 445.0,
      "sym_length_m": 292.4429215609842,
      "asym_length_m": 7513.4677451967755,
      "abs_length_m": 162.66720581054688,
      "prob_any_asymmetric_scattering_20m": 0.002658347039378515,
      "prob_any_asymmetric_scattering_50m": 0.006632623204192399
    },
    {
      "wavelength_nm": 500.0,
      "sym_length_m": 504.41626528583055,
      "asym_length_m": 5369.984177019423,
      "abs_length_m": 48.319618225097656,
      "prob_any_asymmetric_scattering_20m": 0.003717478763184771,
      "prob_any_asymmetric_scattering_50m": 0.0092678011292183
    },
    {
      "wavelength_nm": 600.0,
      "sym_length_m": 1156.6437103035892,
      "asym_length_m": 3933.474744178457,
      "abs_length_m": 4.493523597717285,
      "prob_any_asymmetric_scattering_20m": 0.005071658453228888,
      "prob_any_asymmetric_scattering_50m": 0.01263095870113649
    }
  ],
  "straight_path_asymmetric_scale_estimates": [
    {
      "distance_m": 10.0,
      "spectrum_weighted_probability_asymmetric": 0.0015023468431768926
    },
    {
      "distance_m": 20.0,
      "spectrum_weighted_probability_asymmetric": 0.0029779833701913164
    },
    {
      "distance_m": 35.0,
      "spectrum_weighted_probability_asymmetric": 0.005167779480186587
    },
    {
      "distance_m": 50.0,
      "spectrum_weighted_probability_asymmetric": 0.007344583546046592
    }
  ],
  "phase_moments": {
    "HG_g_config": 0.949999988079071,
    "HG_mean_cos": 0.949999988079071,
    "SK_published_mean_cos": 0.6666666269302368,
    "HG_mean_cos_squared": 0.934999942779541,
    "SK_published_mean_cos_squared": 0.5,
    "HG_probability_backscatter": 0.010888,
    "SK_published_probability_backscatter": 0.0,
    "forward_cones": [
      {
        "half_angle_degrees": 5.0,
        "HG_probability": 0.506088,
        "SK_published_probability": 0.007596
      },
      {
        "half_angle_degrees": 15.0,
        "HG_probability": 0.828421,
        "SK_published_probability": 0.066987
      },
      {
        "half_angle_degrees": 45.0,
        "HG_probability": 0.957681,
        "SK_published_probability": 0.5
      },
      {
        "half_angle_degrees": 90.0,
        "HG_probability": 0.989112,
        "SK_published_probability": 1.0
      }
    ]
  },
  "QE_interpretation_diagnostic": {
    "config_qe_400nm": 0.2261907458305359,
    "config_qe_corrections": 1.0,
    "if_table_is_cathode_qe_then_pde_at_CE_073": 0.1651192444562912,
    "if_table_is_cathode_qe_then_relative_overcount_at_CE_073": 0.36986301369863006,
    "if_table_is_cathode_qe_then_pde_at_CE_067": 0.15154779970645904,
    "if_table_is_cathode_qe_then_relative_overcount_at_CE_067": 0.4925373134328357,
    "caution": "The QE table measurement and CE convention are unproven. Conditional estimates are not measured event errors."
  }
}
