/sdf/group/neutrino/youngsam/sim/LUCiD/audit/wc_data_20261004/env_system/lib/python3.12/site-packages/jaxlib/plugin_support.py:92: RuntimeWarning: JAX plugin jax_cuda12_plugin version 0.9.2 is installed, but it is not compatible with the installed jaxlib version 0.11.0, so it will not be used.
  warnings.warn(
{"host": "sdfmilan271", "partition": "milano", "job_id": "39967676", "jax": "0.11.0", "backend": "cpu", "samples": 262144}
{"name": "surface_probability", "observed": 0.3440055847167969, "expected": 0.34415378686541237, "tolerance": 0.004, "passed": true}
{"name": "deposit_and_survive", "observed": 0.1563720703125, "expected": 0.15655486754255968, "tolerance": 0.004, "passed": true}
{"name": "reflection_and_survive", "observed": 0.051555633544921875, "expected": 0.05218495584751989, "tolerance": 0.004, "passed": true}
{"name": "scatter_and_survive", "observed": 0.5393409729003906, "expected": 0.5387303330110096, "tolerance": 0.004, "passed": true}
{"name": "continuation_probability", "observed": 0.5908966064453125, "expected": 0.5909152888585295, "tolerance": 0.004, "passed": true}
{"name": "conditional_scatter_distance", "observed": 8.25257396697998, "expected": 8.255046153410118, "tolerance": 0.06, "passed": true}
{"name": "mixed_scatter_mean_cos", "observed": 0.3578434884548187, "expected": 0.35625, "tolerance": 0.007, "passed": true}
{"name": "mixed_scatter_second_moment", "observed": 0.5998741984367371, "expected": 0.600625, "tolerance": 0.007, "passed": true}
{"name": "surviving_scatter_mean_cos", "observed": 0.35744261741638184, "expected": 0.35625, "tolerance": 0.008, "passed": true}
{"name": "absorbed_scatter_mean_cos", "observed": 0.3596968352794647, "expected": 0.35625, "tolerance": 0.012, "passed": true}
{"name": "flight_time_distance", "observed": 3.814697265625e-06, "expected": 0.0, "tolerance": 2e-05, "passed": true}
{"name": "rayleigh_inverse_cdf_max_error", "observed": 2.384185791015625e-07, "expected": 0.0, "tolerance": 1e-06, "passed": true}
{"name": "rayleigh_z_mean_cos", "observed": 0.0009625584352761507, "expected": 0.0, "tolerance": 0.004, "passed": true}
{"name": "rayleigh_z_second_moment", "observed": 0.40002354979515076, "expected": 0.4, "tolerance": 0.004, "passed": true}
{"name": "mie_z_mean_cos", "observed": 0.9501321911811829, "expected": 0.95, "tolerance": 0.004, "passed": true}
{"name": "lambertian_z_mean_cos", "observed": 0.6663822531700134, "expected": 0.6666666666666666, "tolerance": 0.004, "passed": true}
{"name": "lambertian_z_second_moment", "observed": 0.4995834231376648, "expected": 0.5, "tolerance": 0.004, "passed": true}
{"name": "lambertian_z_wrong_hemisphere", "observed": 0.0, "expected": 0.0, "tolerance": 1e-06, "passed": true}
{"name": "rayleigh_oblique_mean_cos", "observed": 0.0009625583188608289, "expected": 0.0, "tolerance": 0.004, "passed": true}
{"name": "rayleigh_oblique_second_moment", "observed": 0.40002354979515076, "expected": 0.4, "tolerance": 0.004, "passed": true}
{"name": "mie_oblique_mean_cos", "observed": 0.9501321911811829, "expected": 0.95, "tolerance": 0.004, "passed": true}
{"name": "lambertian_oblique_mean_cos", "observed": 0.6663822531700134, "expected": 0.6666666666666666, "tolerance": 0.004, "passed": true}
{"name": "lambertian_oblique_second_moment", "observed": 0.4995834231376648, "expected": 0.5, "tolerance": 0.004, "passed": true}
{"name": "lambertian_oblique_wrong_hemisphere", "observed": 0.0, "expected": 0.0, "tolerance": 1e-06, "passed": true}
{"name": "SK_400nm_absorption_length_m", "observed": 400.421630859375, "expected": 400.4217103551242, "tolerance": 0.001, "passed": true}
{"name": "SK_400nm_symmetric_length_m", "observed": 175.66281127929688, "expected": 175.66280974722739, "tolerance": 0.001, "passed": true}
{"name": "SK_400nm_asymmetric_length_m", "observed": 9885.8193359375, "expected": 9885.818792941525, "tolerance": 0.01, "passed": true}
{"model_difference": {"SK_asymmetric_mean_cos": 0.6666666666666666, "LUCiD_HG_mean_cos": 0.949999988079071, "SK_backward_probability": 0.0, "LUCiD_HG_backward_probability": 0.01088714599609375, "source": "https://arxiv.org/pdf/1307.0162 p.31"}}
