/sdf/group/neutrino/youngsam/sim/LUCiD/audit/wc_data_20261004/env_system/lib/python3.12/site-packages/jaxlib/plugin_support.py:92: RuntimeWarning: JAX plugin jax_cuda12_plugin version 0.9.2 is installed, but it is not compatible with the installed jaxlib version 0.11.0, so it will not be used.
  warnings.warn(
{"host": "sdfmilan271", "partition": "milano", "job_id": "39967513", "jax": "0.11.0", "backend": "cpu", "samples": 262144}
{"name": "surface_probability", "observed": 0.34401702880859375, "expected": 0.34415378686541237, "tolerance": 0.004, "passed": true}
{"name": "deposit_and_survive", "observed": 0.1563720703125, "expected": 0.15655486754255968, "tolerance": 0.004, "passed": true}
{"name": "reflection_and_survive", "observed": 0.0515594482421875, "expected": 0.05218495584751989, "tolerance": 0.004, "passed": true}
{"name": "scatter_and_survive", "observed": 0.539337158203125, "expected": 0.5387303330110096, "tolerance": 0.004, "passed": true}
{"name": "continuation_probability", "observed": 0.5908966064453125, "expected": 0.5909152888585295, "tolerance": 0.004, "passed": true}
{"name": "conditional_scatter_distance", "observed": 8.252368927001953, "expected": 8.255046153410118, "tolerance": 0.06, "passed": true}
{"name": "mixed_scatter_mean_cos", "observed": 0.3578335642814636, "expected": 0.35625, "tolerance": 0.007, "passed": true}
{"name": "mixed_scatter_second_moment", "observed": 0.5998696088790894, "expected": 0.600625, "tolerance": 0.007, "passed": true}
{"name": "surviving_scatter_mean_cos", "observed": 0.3574381172657013, "expected": 0.35625, "tolerance": 0.008, "passed": true}
{"name": "absorbed_scatter_mean_cos", "observed": 0.3596619963645935, "expected": 0.35625, "tolerance": 0.012, "passed": true}
{"name": "flight_time_distance", "observed": 0.0006809234619140625, "expected": 0.0, "tolerance": 2e-05, "passed": false}
Traceback (most recent call last):
  File "/sdf/group/neutrino/youngsam/sim/lucid-data/LUCID/audit_wc_20261006/optical_transport/check_transport_physics.py", line 85, in <module>
    summarize("flight_time_distance", np.max(np.abs(times * (.299792 / 1.33)
  File "/sdf/group/neutrino/youngsam/sim/lucid-data/LUCID/audit_wc_20261006/optical_transport/check_transport_physics.py", line 34, in summarize
    assert passed, item
           ^^^^^^
AssertionError: {'name': 'flight_time_distance', 'observed': 0.0006809234619140625, 'expected': 0.0, 'tolerance': 2e-05, 'passed': False}
