/sdf/group/neutrino/youngsam/sim/LUCiD/audit/wc_data_20261004/env_system/lib/python3.12/site-packages/jaxlib/plugin_support.py:92: RuntimeWarning: JAX plugin jax_cuda12_plugin version 0.9.2 is installed, but it is not compatible with the installed jaxlib version 0.11.0, so it will not be used.
  warnings.warn(
=== Step 3: Running LUCiD writer ===
    ROOT file:  /sdf/group/neutrino/youngsam/sim/LUCiD/audit/wc_data_review_20261004/production_io/subthreshold.root
    Output dir: /sdf/group/neutrino/youngsam/sim/LUCiD/audit/wc_data_review_20261004/production_io/run_job_output
    Dataset:    SK_WAND_run_job_audit
    file_index: 0
    n_events:   1
    geometry:   cylinder / water, 11096 sensors
Using provided master seed: 19
Run id: 848101be-8f64-43e9-b167-fae0ea2e1b79
Loading ROOT file: /sdf/group/neutrino/youngsam/sim/LUCiD/audit/wc_data_review_20261004/production_io/subthreshold.root
  Found 1 entries
  Using rays buckets: [256]

Generating 1 events using VMAP-OPTIMIZED particle-based processing...
Using batch size of 1 events for multithreaded I/O
Apply smearing: True
Apply translation: False
Digitizer model: ski (dark_rate_khz=4.2)
Trigger: W=200.0ns N_thr=25 pad=300.0/300.0ns (non-triggering events dropped)
Apply rotation: False
Saving events to directory: /sdf/group/neutrino/youngsam/sim/LUCiD/audit/wc_data_review_20261004/production_io/run_job_output
Detector bounds: {'type': 'cylinder', 'radius': 16.96228024518598, 'height': 36.37842222222, 'sensor_radius': 0.25}
Warming up JIT cache for 1 rays bucket(s)...
  rays=   256: 3.01s
Processing batch 1/1 (events 0 to 0)

  Event 1/1 (index 0):
    Reading raw event from ROOT file...
    [timing] root_read 0.031s
    Raw: photons=0  segments=8
    [timing] preprocess 0.000s
    Running per-process pipeline (1 process(es), rays_buckets=[256])...
    Simulation completed in 0.00s
    [timing] simulate 0.002s
    event 0: no trigger — event dropped
Saving batch 1 as four-file group...
Batch 1 save time: 0.028s


Successfully wrote 1 batches (4 files total) to /sdf/group/neutrino/youngsam/sim/LUCiD/audit/wc_data_review_20261004/production_io/run_job_output/{sensor,hits,step,labl}/
LUCiD wrote 4 files under /sdf/group/neutrino/youngsam/sim/LUCiD/audit/wc_data_review_20261004/production_io/run_job_output/{sensor,hits,step,labl}/
{
  "direct_cli": {
    "digitizer_model": "basic",
    "trigger": "none",
    "n_events": 1,
    "n_hits": [
      0
    ]
  },
  "run_job": {
    "digitizer_model": "ski",
    "trigger": "sliding_window",
    "n_events": 0,
    "n_hits": []
  }
}
