/sdf/group/neutrino/youngsam/sim/LUCiD/audit/wc_data_20261004/env_system/lib/python3.12/site-packages/jaxlib/plugin_support.py:92: RuntimeWarning: JAX plugin jax_cuda12_plugin version 0.9.2 is installed, but it is not compatible with the installed jaxlib version 0.11.0, so it will not be used.
  warnings.warn(
{
  "sn_chunk_overlap": {
    "groups": [
      [
        0
      ],
      [
        1
      ]
    ],
    "split_PE": [
      1.0,
      1.0
    ],
    "split_T": [
      1100.0,
      1100.0
    ],
    "joint_PE": [
      2.0
    ],
    "joint_T": [
      1100.0
    ],
    "written_n_windows": 2
  },
  "time_ancestry_roundtrip": {
    "T_dtype": "float64",
    "T": [
      10000000080.375
    ],
    "PE": [
      2.0
    ],
    "interaction": [
      0,
      1
    ]
  }
}
