-- The C compiler identification is GNU 11.3.0
-- The CXX compiler identification is GNU 11.3.0
-- Detecting C compiler ABI info
-- Detecting C compiler ABI info - done
-- Check for working C compiler: /cvmfs/sft.cern.ch/lcg/releases/gcc/11.3.0-ad0f5/x86_64-centos8/bin/gcc - skipped
-- Detecting C compile features
-- Detecting C compile features - done
-- Detecting CXX compiler ABI info
-- Detecting CXX compiler ABI info - done
-- Check for working CXX compiler: /cvmfs/sft.cern.ch/lcg/releases/gcc/11.3.0-ad0f5/x86_64-centos8/bin/g++ - skipped
-- Detecting CXX compile features
-- Detecting CXX compile features - done
-- Performing Test CMAKE_HAVE_LIBC_PTHREAD
-- Performing Test CMAKE_HAVE_LIBC_PTHREAD - Failed
-- Check if compiler accepts -pthread
-- Check if compiler accepts -pthread - yes
-- Found Threads: TRUE
-- Found XercesC: /cvmfs/sft.cern.ch/lcg/views/LCG_107/x86_64-el8-gcc11-opt/lib/libxerces-c.so (found suitable version "3.2.4", minimum required is "3.2.4")
-- Found X11: /usr/include
-- Looking for XOpenDisplay in /usr/lib64/libX11.so;/usr/lib64/libXext.so
-- Looking for XOpenDisplay in /usr/lib64/libX11.so;/usr/lib64/libXext.so - found
-- Looking for gethostbyname
-- Looking for gethostbyname - found
-- Looking for connect
-- Looking for connect - found
-- Looking for remove
-- Looking for remove - found
-- Looking for shmat
-- Looking for shmat - found
-- Looking for IceConnectionNumber in ICE
-- Looking for IceConnectionNumber in ICE - found
CMake Error at /cvmfs/sft.cern.ch/lcg/releases/CMake/3.30.6-34165/x86_64-el8-gcc11-opt/share/cmake-3.30/Modules/FindPackageHandleStandardArgs.cmake:233 (message):
  Could NOT find OpenGL (missing: OPENGL_opengl_LIBRARY OPENGL_glx_LIBRARY
  OPENGL_INCLUDE_DIR)
Call Stack (most recent call first):
  /cvmfs/sft.cern.ch/lcg/releases/CMake/3.30.6-34165/x86_64-el8-gcc11-opt/share/cmake-3.30/Modules/FindPackageHandleStandardArgs.cmake:603 (_FPHSA_FAILURE_MESSAGE)
  /cvmfs/sft.cern.ch/lcg/releases/CMake/3.30.6-34165/x86_64-el8-gcc11-opt/share/cmake-3.30/Modules/FindOpenGL.cmake:579 (FIND_PACKAGE_HANDLE_STANDARD_ARGS)
  /cvmfs/sft.cern.ch/lcg/releases/CMake/3.30.6-34165/x86_64-el8-gcc11-opt/share/cmake-3.30/Modules/CMakeFindDependencyMacro.cmake:76 (find_package)
  /cvmfs/sft.cern.ch/lcg/views/LCG_107/x86_64-el8-gcc11-opt/lib64/cmake/Geant4/Geant4Config.cmake:386 (find_dependency)
  CMakeLists.txt:3 (find_package)


-- Configuring incomplete, errors occurred!
