Using CPython 3.12.8 interpreter at: /sdf/group/neutrino/youngsam/sim/LUCiD/audit/wc_data_20261004/env_system/bin/python
Creating virtual environment at: audit_wc_20261006/runtime_jax0438/venv
Activate with: source audit_wc_20261006/runtime_jax0438/venv/bin/activate
Using Python 3.12.8 environment at: audit_wc_20261006/runtime_jax0438/venv
Resolved 49 packages in 1.14s
Downloading tensorstore (20.6MiB)
Downloading jax (2.1MiB)
Downloading pillow (6.6MiB)
Downloading scipy (33.6MiB)
Downloading matplotlib (9.4MiB)
Downloading pandas (10.3MiB)
Downloading pygments (1.2MiB)
Downloading plotly (9.2MiB)
Downloading numpy (17.1MiB)
Downloading ml-dtypes (4.8MiB)
Downloading jaxlib (97.1MiB)
Downloading kiwisolver (1.4MiB)
Downloading cramjam (1.9MiB)
Downloading fonttools (5.1MiB)
Downloading h5py (5.2MiB)
 Downloaded kiwisolver
 Downloaded cramjam
 Downloaded pygments
 Downloaded jax
 Downloaded ml-dtypes
 Downloaded h5py
 Downloaded fonttools
 Downloaded pillow
 Downloaded matplotlib
 Downloaded numpy
 Downloaded tensorstore
 Downloaded scipy
 Downloaded plotly
 Downloaded pandas
 Downloaded jaxlib
Prepared 49 packages in 5.64s
Installed 49 packages in 4.58s
 + absl-py==2.5.0
 + awkward==2.14.0
 + awkward-cpp==57
 + chex==0.1.90
 + contourpy==1.3.3
 + cramjam==2.13.0
 + cycler==0.12.1
 + etils==1.14.0
 + flax==0.10.2
 + fonttools==4.66.1
 + fsspec==2026.9.0
 + h5py==3.16.0
 + humanize==4.16.0
 + jax==0.4.38
 + jaxlib==0.4.38
 + kiwisolver==1.5.1
 + markdown-it-py==4.2.0
 + matplotlib==3.11.2
 + mdurl==0.1.2
 + ml-dtypes==0.5.4
 + msgpack==1.2.3
 + narwhals==2.26.0
 + nest-asyncio==1.6.0
 + numpy==1.26.4
 + opt-einsum==3.4.0
 + optax==0.2.4
 + orbax-checkpoint==0.11.5
 + packaging==26.3
 + pandas==3.0.6
 + pillow==12.3.0
 + plotly==7.1.0
 + protobuf==7.36.2
 + pygments==2.21.0
 + pyparsing==3.3.3
 + python-dateutil==2.9.0.post0
 + pyyaml==6.0.3
 + rich==15.0.0
 + scipy==1.17.1
 + seaborn==0.13.2
 + setuptools==84.0.0
 + simplejson==4.2.0
 + six==1.17.0
 + tensorstore==0.1.85
 + toolz==1.1.0
 + tqdm==4.70.1
 + typing-extensions==4.16.0
 + uproot==5.7.6
 + xxhash==4.0.1
 + zipp==4.1.1
Using Python 3.12.8 environment at: audit_wc_20261006/runtime_jax0438/venv
{"host": "sdfmilan271", "partition": "milano", "job_id": "39969898", "python": "3.12.8 | packaged by conda-forge | (main, Dec  5 2024, 14:24:40) [GCC 13.3.0]", "interpreter": "/sdf/group/neutrino/youngsam/sim/lucid-data/LUCID/audit_wc_20261006/runtime_jax0438/venv/bin/python", "jax": "0.4.38", "jaxlib": "0.4.38", "flax": "0.10.2", "optax": "0.2.4", "numpy": "1.26.4", "jax_source": "/sdf/group/neutrino/youngsam/sim/lucid-data/LUCID/audit_wc_20261006/runtime_jax0438/venv/lib/python3.12/site-packages/jax/__init__.py", "base_source": "/sdf/group/neutrino/youngsam/sim/lucid-data/LUCID/lucid/propagation/base.py", "base_sha256": "22c4a509674ca605175df2d82d79aa5cffebc9a85cf2be68e5b35dc08f96ada7", "git_head": "20df3094bd563162d40c6ca34c5ad25e1e1d3656"}
RUN reflection_current
EXIT reflection_current 1
RUN reflection_fixed
EXIT reflection_fixed 1
RUN transport
EXIT transport 1
Traceback (most recent call last):
  File "/sdf/group/neutrino/youngsam/sim/lucid-data/LUCID/audit_wc_20261006/runtime_jax0438/run_checks.py", line 49, in <module>
    assert statuses["transport"] == 0, statuses
           ^^^^^^^^^^^^^^^^^^^^^^^^^^
AssertionError: {'reflection_current': 1, 'reflection_fixed': 1, 'transport': 1}
