Using Python 3.12.8 environment at: audit_wc_20261006/runtime_jax0438/venv
Resolved 72 packages in 328ms
Downloading jedi (4.7MiB)
Downloading scikit-learn (8.7MiB)
Downloading widgetsnbextension (2.1MiB)
 Downloaded widgetsnbextension
 Downloaded scikit-learn
 Downloaded jedi
Prepared 23 packages in 7.26s
Installed 23 packages in 7.16s
 + asttokens==3.0.2
 + cloudpickle==3.1.2
 + comm==0.2.3
 + executing==2.2.1
 + ipython==9.17.1
 + ipython-pygments-lexers==1.1.1
 + ipywidgets==8.1.9
 + jedi==0.20.0
 + joblib==1.6.0
 + jupyterlab-widgets==3.0.17
 + matplotlib-inline==0.2.2
 + parso==0.8.7
 + pexpect==4.9.0
 + prompt-toolkit==3.0.53
 + psutil==7.2.2
 + ptyprocess==0.7.0
 + pure-eval==0.2.4
 + scikit-learn==1.9.1
 + stack-data==0.6.3
 + threadpoolctl==3.7.0
 + traitlets==5.16.1
 + wcwidth==0.9.2
 + widgetsnbextension==4.0.16
Using Python 3.12.8 environment at: audit_wc_20261006/runtime_jax0438/venv
{"host": "sdfmilan271", "partition": "milano", "job_id": "39970012", "python": "3.12.8 | packaged by conda-forge | (main, Dec  5 2024, 14:24:40) [GCC 13.3.0]", "interpreter": "/sdf/group/neutrino/youngsam/sim/lucid-data/LUCID/audit_wc_20261006/runtime_jax0438/venv/bin/python", "jax": "0.4.38", "jaxlib": "0.4.38", "flax": "0.10.2", "optax": "0.2.4", "numpy": "1.26.4", "jax_source": "/sdf/group/neutrino/youngsam/sim/lucid-data/LUCID/audit_wc_20261006/runtime_jax0438/venv/lib/python3.12/site-packages/jax/__init__.py", "base_source": "/sdf/group/neutrino/youngsam/sim/lucid-data/LUCID/lucid/propagation/base.py", "base_sha256": "22c4a509674ca605175df2d82d79aa5cffebc9a85cf2be68e5b35dc08f96ada7", "git_head": "20df3094bd563162d40c6ca34c5ad25e1e1d3656"}
RUN reflection_current
EXIT reflection_current 1
RUN reflection_fixed
EXIT reflection_fixed 0
RUN transport
EXIT transport 0
